Component: ARM Compiler 5.06 update 6 (build 750) Tool: armlink [4d35ed]

==============================================================================

Section Cross References

    startup_stm32f407xx.o(RESET) refers to startup_stm32f407xx.o(STACK) for __initial_sp
    startup_stm32f407xx.o(RESET) refers to startup_stm32f407xx.o(.text) for Reset_Handler
    startup_stm32f407xx.o(RESET) refers to stm32f4xx_it.o(i.NMI_Handler) for NMI_Handler
    startup_stm32f407xx.o(RESET) refers to stm32f4xx_it.o(i.HardFault_Handler) for HardFault_Handler
    startup_stm32f407xx.o(RESET) refers to stm32f4xx_it.o(i.MemManage_Handler) for MemManage_Handler
    startup_stm32f407xx.o(RESET) refers to stm32f4xx_it.o(i.BusFault_Handler) for BusFault_Handler
    startup_stm32f407xx.o(RESET) refers to stm32f4xx_it.o(i.UsageFault_Handler) for UsageFault_Handler
    startup_stm32f407xx.o(RESET) refers to stm32f4xx_it.o(i.SVC_Handler) for SVC_Handler
    startup_stm32f407xx.o(RESET) refers to stm32f4xx_it.o(i.DebugMon_Handler) for DebugMon_Handler
    startup_stm32f407xx.o(RESET) refers to stm32f4xx_it.o(i.PendSV_Handler) for PendSV_Handler
    startup_stm32f407xx.o(RESET) refers to stm32f4xx_it.o(i.SysTick_Handler) for SysTick_Handler
    startup_stm32f407xx.o(RESET) refers to stm32f4xx_it.o(i.EXTI0_IRQHandler) for EXTI0_IRQHandler
    startup_stm32f407xx.o(RESET) refers to stm32f4xx_it.o(i.TIM7_IRQHandler) for TIM7_IRQHandler
    startup_stm32f407xx.o(RESET) refers to stm32f4xx_it.o(i.OTG_FS_IRQHandler) for OTG_FS_IRQHandler
    startup_stm32f407xx.o(.text) refers to system_stm32f4xx.o(i.SystemInit) for SystemInit
    startup_stm32f407xx.o(.text) refers to entry.o(.ARM.Collect$$$$00000000) for __main
    main.o(i.HAL_GPIO_EXTI_Callback) refers to main.o(.data) for .data
    main.o(i.HAL_TIM_PeriodElapsedCallback) refers to stm32f4xx_hal_gpio.o(i.HAL_GPIO_WritePin) for HAL_GPIO_WritePin
    main.o(i.HAL_TIM_PeriodElapsedCallback) refers to main.o(.data) for .data
    main.o(i.SystemClock_Config) refers to memseta.o(.text) for __aeabi_memclr4
    main.o(i.SystemClock_Config) refers to stm32f4xx_hal_rcc.o(i.HAL_RCC_OscConfig) for HAL_RCC_OscConfig
    main.o(i.SystemClock_Config) refers to stm32f4xx_hal_rcc.o(i.HAL_RCC_ClockConfig) for HAL_RCC_ClockConfig
    main.o(i.SystemClock_Config) refers to stm32f4xx_hal_rcc_ex.o(i.HAL_RCCEx_PeriphCLKConfig) for HAL_RCCEx_PeriphCLKConfig
    main.o(i.main) refers to stm32f4xx_hal.o(i.HAL_Init) for HAL_Init
    main.o(i.main) refers to main.o(i.SystemClock_Config) for SystemClock_Config
    main.o(i.main) refers to gpio.o(i.MX_GPIO_Init) for MX_GPIO_Init
    main.o(i.main) refers to i2c.o(i.MX_I2C1_Init) for MX_I2C1_Init
    main.o(i.main) refers to i2s.o(i.MX_I2S3_Init) for MX_I2S3_Init
    main.o(i.main) refers to spi.o(i.MX_SPI1_Init) for MX_SPI1_Init
    main.o(i.main) refers to usb_host.o(i.MX_USB_HOST_Init) for MX_USB_HOST_Init
    main.o(i.main) refers to tim.o(i.MX_TIM7_Init) for MX_TIM7_Init
    main.o(i.main) refers to stm32f4xx_hal_cortex.o(i.HAL_NVIC_SetPriority) for HAL_NVIC_SetPriority
    main.o(i.main) refers to stm32f4xx_hal_cortex.o(i.HAL_NVIC_EnableIRQ) for HAL_NVIC_EnableIRQ
    main.o(i.main) refers to stm32f4xx_hal_tim.o(i.HAL_TIM_Base_Start_IT) for HAL_TIM_Base_Start_IT
    main.o(i.main) refers to stm32f4xx_hal_tim.o(i.HAL_TIM_Base_Stop_IT) for HAL_TIM_Base_Stop_IT
    main.o(i.main) refers to stm32f4xx_hal_gpio.o(i.HAL_GPIO_TogglePin) for HAL_GPIO_TogglePin
    main.o(i.main) refers to stm32f4xx_hal.o(i.HAL_Delay) for HAL_Delay
    main.o(i.main) refers to usb_host.o(i.MX_USB_HOST_Process) for MX_USB_HOST_Process
    main.o(i.main) refers to tim.o(.bss) for htim7
    main.o(i.main) refers to main.o(.data) for .data
    gpio.o(i.MX_GPIO_Init) refers to memseta.o(.text) for __aeabi_memclr4
    gpio.o(i.MX_GPIO_Init) refers to stm32f4xx_hal_gpio.o(i.HAL_GPIO_WritePin) for HAL_GPIO_WritePin
    gpio.o(i.MX_GPIO_Init) refers to stm32f4xx_hal_gpio.o(i.HAL_GPIO_Init) for HAL_GPIO_Init
    i2c.o(i.HAL_I2C_MspDeInit) refers to stm32f4xx_hal_gpio.o(i.HAL_GPIO_DeInit) for HAL_GPIO_DeInit
    i2c.o(i.HAL_I2C_MspInit) refers to memseta.o(.text) for __aeabi_memclr4
    i2c.o(i.HAL_I2C_MspInit) refers to stm32f4xx_hal_gpio.o(i.HAL_GPIO_Init) for HAL_GPIO_Init
    i2c.o(i.MX_I2C1_Init) refers to stm32f4xx_hal_i2c.o(i.HAL_I2C_Init) for HAL_I2C_Init
    i2c.o(i.MX_I2C1_Init) refers to main.o(i.Error_Handler) for Error_Handler
    i2c.o(i.MX_I2C1_Init) refers to i2c.o(.bss) for .bss
    i2s.o(i.HAL_I2S_MspDeInit) refers to stm32f4xx_hal_gpio.o(i.HAL_GPIO_DeInit) for HAL_GPIO_DeInit
    i2s.o(i.HAL_I2S_MspInit) refers to memseta.o(.text) for __aeabi_memclr4
    i2s.o(i.HAL_I2S_MspInit) refers to stm32f4xx_hal_gpio.o(i.HAL_GPIO_Init) for HAL_GPIO_Init
    i2s.o(i.MX_I2S3_Init) refers to stm32f4xx_hal_i2s.o(i.HAL_I2S_Init) for HAL_I2S_Init
    i2s.o(i.MX_I2S3_Init) refers to main.o(i.Error_Handler) for Error_Handler
    i2s.o(i.MX_I2S3_Init) refers to i2s.o(.bss) for .bss
[...]
    ..\Drivers\STM32F4xx_HAL_Driver\Src\stm32f4xx_hal_pwr.c 0x00000000   Number         0  stm32f4xx_hal_pwr.o ABSOLUTE
    ..\Drivers\STM32F4xx_HAL_Driver\Src\stm32f4xx_hal_pwr_ex.c 0x00000000   Number         0  stm32f4xx_hal_pwr_ex.o ABSOLUTE
    ..\Drivers\STM32F4xx_HAL_Driver\Src\stm32f4xx_hal_rcc.c 0x00000000   Number         0  stm32f4xx_hal_rcc.o ABSOLUTE
    ..\Drivers\STM32F4xx_HAL_Driver\Src\stm32f4xx_hal_rcc_ex.c 0x00000000   Number         0  stm32f4xx_hal_rcc_ex.o ABSOLUTE
    ..\Drivers\STM32F4xx_HAL_Driver\Src\stm32f4xx_hal_spi.c 0x00000000   Number         0  stm32f4xx_hal_spi.o ABSOLUTE
    ..\Drivers\STM32F4xx_HAL_Driver\Src\stm32f4xx_hal_tim.c 0x00000000   Number         0  stm32f4xx_hal_tim.o ABSOLUTE
    ..\Drivers\STM32F4xx_HAL_Driver\Src\stm32f4xx_hal_tim_ex.c 0x00000000   Number         0  stm32f4xx_hal_tim_ex.o ABSOLUTE
    ..\Drivers\STM32F4xx_HAL_Driver\Src\stm32f4xx_ll_usb.c 0x00000000   Number         0  stm32f4xx_ll_usb.o ABSOLUTE
    ..\Middlewares\ST\STM32_USB_Host_Library\Class\CDC\Src\usbh_cdc.c 0x00000000   Number         0  usbh_cdc.o ABSOLUTE
    ..\Middlewares\ST\STM32_USB_Host_Library\Core\Src\usbh_core.c 0x00000000   Number         0  usbh_core.o ABSOLUTE
    ..\Middlewares\ST\STM32_USB_Host_Library\Core\Src\usbh_ctlreq.c 0x00000000   Number         0  usbh_ctlreq.o ABSOLUTE
    ..\Middlewares\ST\STM32_USB_Host_Library\Core\Src\usbh_ioreq.c 0x00000000   Number         0  usbh_ioreq.o ABSOLUTE
    ..\Middlewares\ST\STM32_USB_Host_Library\Core\Src\usbh_pipes.c 0x00000000   Number         0  usbh_pipes.o ABSOLUTE
    ..\Src\gpio.c                            0x00000000   Number         0  gpio.o ABSOLUTE
    ..\Src\i2c.c                             0x00000000   Number         0  i2c.o ABSOLUTE
    ..\Src\i2s.c                             0x00000000   Number         0  i2s.o ABSOLUTE
    ..\Src\main.c                            0x00000000   Number         0  main.o ABSOLUTE
    ..\Src\spi.c                             0x00000000   Number         0  spi.o ABSOLUTE
    ..\Src\stm32f4xx_hal_msp.c               0x00000000   Number         0  stm32f4xx_hal_msp.o ABSOLUTE
    ..\Src\stm32f4xx_it.c                    0x00000000   Number         0  stm32f4xx_it.o ABSOLUTE
    ..\Src\system_stm32f4xx.c                0x00000000   Number         0  system_stm32f4xx.o ABSOLUTE
    ..\Src\tim.c                             0x00000000   Number         0  tim.o ABSOLUTE
    ..\Src\usb_host.c                        0x00000000   Number         0  usb_host.o ABSOLUTE
    ..\Src\usbh_conf.c                       0x00000000   Number         0  usbh_conf.o ABSOLUTE
    ..\Src\usbh_platform.c                   0x00000000   Number         0  usbh_platform.o ABSOLUTE
    dc.s                                     0x00000000   Number         0  dc.o ABSOLUTE
    handlers.s                               0x00000000   Number         0  handlers.o ABSOLUTE
    init.s                                   0x00000000   Number         0  init.o ABSOLUTE
    startup_stm32f407xx.s                    0x00000000   Number         0  startup_stm32f407xx.o ABSOLUTE
    RESET                                    0x08000000   Section      392  startup_stm32f407xx.o(RESET)
    .ARM.Collect$$$$00000000                 0x08000188   Section        0  entry.o(.ARM.Collect$$$$00000000)
    .ARM.Collect$$$$00000001                 0x08000188   Section        4  entry2.o(.ARM.Collect$$$$00000001)
    .ARM.Collect$$$$00000004                 0x0800018c   Section        4  entry5.o(.ARM.Collect$$$$00000004)
    .ARM.Collect$$$$00000008                 0x08000190   Section        0  entry7b.o(.ARM.Collect$$$$00000008)
    .ARM.Collect$$$$0000000A                 0x08000190   Section        0  entry8b.o(.ARM.Collect$$$$0000000A)
    .ARM.Collect$$$$0000000B                 0x08000190   Section        8  entry9a.o(.ARM.Collect$$$$0000000B)
    .ARM.Collect$$$$0000000D                 0x08000198   Section        0  entry10a.o(.ARM.Collect$$$$0000000D)
    .ARM.Collect$$$$0000000F                 0x08000198   Section        0  entry11a.o(.ARM.Collect$$$$0000000F)
    .ARM.Collect$$$$00002712                 0x08000198   Section        4  entry2.o(.ARM.Collect$$$$00002712)
    __lit__00000000                          0x08000198   Data           4  entry2.o(.ARM.Collect$$$$00002712)
    .text                                    0x0800019c   Section       36  startup_stm32f407xx.o(.text)
    $v0                                      0x0800019c   Number         0  startup_stm32f407xx.o(.text)
    .text                                    0x080001c0   Section        0  uldiv.o(.text)
    .text                                    0x08000222   Section        0  memcpya.o(.text)
    .text                                    0x08000246   Section        0  memseta.o(.text)
    .text                                    0x0800026a   Section        0  llshl.o(.text)
    .text                                    0x08000288   Section        0  llushr.o(.text)
    .text                                    0x080002a8   Section       36  init.o(.text)
    i.BusFault_Handler                       0x080002cc   Section        0  stm32f4xx_it.o(i.BusFault_Handler)
    i.CDC_ProcessReception                   0x080002d0   Section        0  usbh_cdc.o(i.CDC_ProcessReception)
    CDC_ProcessReception                     0x080002d1   Thumb Code   104  usbh_cdc.o(i.CDC_ProcessReception)
    i.CDC_ProcessTransmission                0x08000338   Section        0  usbh_cdc.o(i.CDC_ProcessTransmission)
    CDC_ProcessTransmission                  0x08000339   Thumb Code   114  usbh_cdc.o(i.CDC_ProcessTransmission)
    i.DeInitStateMachine                     0x080003ac   Section        0  usbh_core.o(i.DeInitStateMachine)
    DeInitStateMachine                       0x080003ad   Thumb Code    80  usbh_core.o(i.DeInitStateMachine)
    i.DebugMon_Handler                       0x080003fc   Section        0  stm32f4xx_it.o(i.DebugMon_Handler)
    i.EXTI0_IRQHandler                       0x080003fe   Section        0  stm32f4xx_it.o(i.EXTI0_IRQHandler)
    i.Error_Handler                          0x08000404   Section        0  main.o(i.Error_Handler)
    i.GetLineCoding                          0x08000406   Section        0  usbh_cdc.o(i.GetLineCoding)
    GetLineCoding                            0x08000407   Thumb Code    22  usbh_cdc.o(i.GetLineCoding)
    i.HAL_Delay                              0x0800041c   Section        0  stm32f4xx_hal.o(i.HAL_Delay)
    i.HAL_GPIO_EXTI_Callback                 0x08000440   Section        0  main.o(i.HAL_GPIO_EXTI_Callback)
    i.HAL_GPIO_EXTI_IRQHandler               0x08000450   Section        0  stm32f4xx_hal_gpio.o(i.HAL_GPIO_EXTI_IRQHandler)
    i.HAL_GPIO_Init                          0x08000468   Section        0  stm32f4xx_hal_gpio.o(i.HAL_GPIO_Init)
    i.HAL_GPIO_TogglePin                     0x08000620   Section        0  stm32f4xx_hal_gpio.o(i.HAL_GPIO_TogglePin)
    i.HAL_GPIO_WritePin                      0x0800062e   Section        0  stm32f4xx_hal_gpio.o(i.HAL_GPIO_WritePin)
    i.HAL_GetTick                            0x08000638   Section        0  stm32f4xx_hal.o(i.HAL_GetTick)
    i.HAL_HCD_Connect_Callback               0x08000644   Section        0  usbh_conf.o(i.HAL_HCD_Connect_Callback)
    i.HAL_HCD_Disconnect_Callback            0x0800064c   Section        0  usbh_conf.o(i.HAL_HCD_Disconnect_Callback)
    i.HAL_HCD_GetCurrentFrame                0x08000654   Section        0  stm32f4xx_hal_hcd.o(i.HAL_HCD_GetCurrentFrame)
    i.HAL_HCD_GetCurrentSpeed                0x0800065a   Section        0  stm32f4xx_hal_hcd.o(i.HAL_HCD_GetCurrentSpeed)
    i.HAL_HCD_HC_GetURBState                 0x08000660   Section        0  stm32f4xx_hal_hcd.o(i.HAL_HCD_HC_GetURBState)
    i.HAL_HCD_HC_GetXferCount                0x0800066e   Section        0  stm32f4xx_hal_hcd.o(i.HAL_HCD_HC_GetXferCount)
    i.HAL_HCD_HC_Halt                        0x0800067a   Section        0  stm32f4xx_hal_hcd.o(i.HAL_HCD_HC_Halt)
    i.HAL_HCD_HC_Init                        0x0800069e   Section        0  stm32f4xx_hal_hcd.o(i.HAL_HCD_HC_Init)
    i.HAL_HCD_HC_NotifyURBChange_Callback    0x08000710   Section        0  usbh_conf.o(i.HAL_HCD_HC_NotifyURBChange_Callback)
    i.HAL_HCD_HC_SubmitRequest               0x08000712   Section        0  stm32f4xx_hal_hcd.o(i.HAL_HCD_HC_SubmitRequest)
    i.HAL_HCD_IRQHandler                     0x080007a8   Section        0  stm32f4xx_hal_hcd.o(i.HAL_HCD_IRQHandler)
    i.HAL_HCD_Init                           0x080008d8   Section        0  stm32f4xx_hal_hcd.o(i.HAL_HCD_Init)
    i.HAL_HCD_MspInit                        0x0800094c   Section        0  usbh_conf.o(i.HAL_HCD_MspInit)
    i.HAL_HCD_PortDisabled_Callback          0x080009e0   Section        0  usbh_conf.o(i.HAL_HCD_PortDisabled_Callback)
    i.HAL_HCD_PortEnabled_Callback           0x080009e8   Section        0  usbh_conf.o(i.HAL_HCD_PortEnabled_Callback)
    i.HAL_HCD_ResetPort                      0x080009f0   Section        0  stm32f4xx_hal_hcd.o(i.HAL_HCD_ResetPort)
    i.HAL_HCD_SOF_Callback                   0x080009f6   Section        0  usbh_conf.o(i.HAL_HCD_SOF_Callback)
    i.HAL_HCD_Start                          0x080009fe   Section        0  stm32f4xx_hal_hcd.o(i.HAL_HCD_Start)
    i.HAL_HCD_Stop                           0x08000a2a   Section        0  stm32f4xx_hal_hcd.o(i.HAL_HCD_Stop)
    i.HAL_I2C_Init                           0x08000a50   Section        0  stm32f4xx_hal_i2c.o(i.HAL_I2C_Init)
    i.HAL_I2C_MspInit                        0x08000bd8   Section        0  i2c.o(i.HAL_I2C_MspInit)
    i.HAL_I2SEx_FullDuplex_IRQHandler        0x08000c44   Section        0  stm32f4xx_hal_i2s_ex.o(i.HAL_I2SEx_FullDuplex_IRQHandler)
    i.HAL_I2SEx_TxRxCpltCallback             0x08000e38   Section        0  stm32f4xx_hal_i2s_ex.o(i.HAL_I2SEx_TxRxCpltCallback)
    i.HAL_I2S_ErrorCallback                  0x08000e3a   Section        0  stm32f4xx_hal_i2s.o(i.HAL_I2S_ErrorCallback)
    i.HAL_I2S_Init                           0x08000e3c   Section        0  stm32f4xx_hal_i2s.o(i.HAL_I2S_Init)
    i.HAL_I2S_MspInit                        0x08000fb0   Section        0  i2s.o(i.HAL_I2S_MspInit)
    i.HAL_I2S_RxCpltCallback                 0x08001040   Section        0  stm32f4xx_hal_i2s.o(i.HAL_I2S_RxCpltCallback)
    i.HAL_I2S_TxCpltCallback                 0x08001042   Section        0  stm32f4xx_hal_i2s.o(i.HAL_I2S_TxCpltCallback)
    i.HAL_IncTick                            0x08001044   Section        0  stm32f4xx_hal.o(i.HAL_IncTick)
    i.HAL_Init                               0x08001054   Section        0  stm32f4xx_hal.o(i.HAL_Init)
    i.HAL_InitTick                           0x08001088   Section        0  stm32f4xx_hal.o(i.HAL_InitTick)
    i.HAL_MspInit                            0x080010c8   Section        0  stm32f4xx_hal_msp.o(i.HAL_MspInit)
    i.HAL_NVIC_EnableIRQ                     0x080010fc   Section        0  stm32f4xx_hal_cortex.o(i.HAL_NVIC_EnableIRQ)
    i.HAL_NVIC_SetPriority                   0x08001118   Section        0  stm32f4xx_hal_cortex.o(i.HAL_NVIC_SetPriority)
    i.HAL_NVIC_SetPriorityGrouping           0x08001158   Section        0  stm32f4xx_hal_cortex.o(i.HAL_NVIC_SetPriorityGrouping)
    i.HAL_RCCEx_GetPeriphCLKFreq             0x0800117c   Section        0  stm32f4xx_hal_rcc_ex.o(i.HAL_RCCEx_GetPeriphCLKFreq)
    i.HAL_RCCEx_PeriphCLKConfig              0x080011d8   Section        0  stm32f4xx_hal_rcc_ex.o(i.HAL_RCCEx_PeriphCLKConfig)
    i.HAL_RCC_ClockConfig                    0x08001314   Section        0  stm32f4xx_hal_rcc.o(i.HAL_RCC_ClockConfig)
    i.HAL_RCC_GetPCLK1Freq                   0x08001448   Section        0  stm32f4xx_hal_rcc.o(i.HAL_RCC_GetPCLK1Freq)
    i.HAL_RCC_GetSysClockFreq                0x08001468   Section        0  stm32f4xx_hal_rcc.o(i.HAL_RCC_GetSysClockFreq)
    i.HAL_RCC_OscConfig                      0x080014c8   Section        0  stm32f4xx_hal_rcc.o(i.HAL_RCC_OscConfig)
    i.HAL_SPI_Init                           0x08001824   Section        0  stm32f4xx_hal_spi.o(i.HAL_SPI_Init)
    i.HAL_SPI_MspInit                        0x080018a4   Section        0  spi.o(i.HAL_SPI_MspInit)
    i.HAL_SYSTICK_Config                     0x0800190c   Section        0  stm32f4xx_hal_cortex.o(i.HAL_SYSTICK_Config)
    i.HAL_TIMEx_BreakCallback                0x08001934   Section        0  stm32f4xx_hal_tim_ex.o(i.HAL_TIMEx_BreakCallback)
    i.HAL_TIMEx_CommutCallback               0x08001936   Section        0  stm32f4xx_hal_tim_ex.o(i.HAL_TIMEx_CommutCallback)
    i.HAL_TIMEx_MasterConfigSynchronization  0x08001938   Section        0  stm32f4xx_hal_tim_ex.o(i.HAL_TIMEx_MasterConfigSynchronization)
    i.HAL_TIM_Base_Init                      0x080019c8   Section        0  stm32f4xx_hal_tim.o(i.HAL_TIM_Base_Init)
    i.HAL_TIM_Base_MspInit                   0x08001a00   Section        0  tim.o(i.HAL_TIM_Base_MspInit)
    i.HAL_TIM_Base_Start_IT                  0x08001a28   Section        0  stm32f4xx_hal_tim.o(i.HAL_TIM_Base_Start_IT)
    i.HAL_TIM_Base_Stop_IT                   0x08001a4a   Section        0  stm32f4xx_hal_tim.o(i.HAL_TIM_Base_Stop_IT)
    i.HAL_TIM_IC_CaptureCallback             0x08001a74   Section        0  stm32f4xx_hal_tim.o(i.HAL_TIM_IC_CaptureCallback)
    i.HAL_TIM_IRQHandler                     0x08001a76   Section        0  stm32f4xx_hal_tim.o(i.HAL_TIM_IRQHandler)
    i.HAL_TIM_OC_DelayElapsedCallback        0x08001bdc   Section        0  stm32f4xx_hal_tim.o(i.HAL_TIM_OC_DelayElapsedCallback)
    i.HAL_TIM_PWM_PulseFinishedCallback      0x08001bde   Section        0  stm32f4xx_hal_tim.o(i.HAL_TIM_PWM_PulseFinishedCallback)
    i.HAL_TIM_PeriodElapsedCallback          0x08001be0   Section        0  main.o(i.HAL_TIM_PeriodElapsedCallback)
    i.HAL_TIM_TriggerCallback                0x08001c60   Section        0  stm32f4xx_hal_tim.o(i.HAL_TIM_TriggerCallback)
    i.HCD_HC_IN_IRQHandler                   0x08001c64   Section        0  stm32f4xx_hal_hcd.o(i.HCD_HC_IN_IRQHandler)
    HCD_HC_IN_IRQHandler                     0x08001c65   Thumb Code   632  stm32f4xx_hal_hcd.o(i.HCD_HC_IN_IRQHandler)
    i.HCD_HC_OUT_IRQHandler                  0x08001edc   Section        0  stm32f4xx_hal_hcd.o(i.HCD_HC_OUT_IRQHandler)
    HCD_HC_OUT_IRQHandler                    0x08001edd   Thumb Code   580  stm32f4xx_hal_hcd.o(i.HCD_HC_OUT_IRQHandler)
    i.HCD_Port_IRQHandler                    0x08002120   Section        0  stm32f4xx_hal_hcd.o(i.HCD_Port_IRQHandler)
    HCD_Port_IRQHandler                      0x08002121   Thumb Code   148  stm32f4xx_hal_hcd.o(i.HCD_Port_IRQHandler)
    i.HCD_RXQLVL_IRQHandler                  0x080021b4   Section        0  stm32f4xx_hal_hcd.o(i.HCD_RXQLVL_IRQHandler)
    HCD_RXQLVL_IRQHandler                    0x080021b5   Thumb Code   108  stm32f4xx_hal_hcd.o(i.HCD_RXQLVL_IRQHandler)
    i.HardFault_Handler                      0x08002224   Section        0  stm32f4xx_it.o(i.HardFault_Handler)
    i.I2SEx_RxISR_I2SExt                     0x08002228   Section        0  stm32f4xx_hal_i2s_ex.o(i.I2SEx_RxISR_I2SExt)
    I2SEx_RxISR_I2SExt                       0x08002229   Thumb Code    88  stm32f4xx_hal_i2s_ex.o(i.I2SEx_RxISR_I2SExt)
    i.I2SEx_TxISR_I2SExt                     0x08002288   Section        0  stm32f4xx_hal_i2s_ex.o(i.I2SEx_TxISR_I2SExt)
    I2SEx_TxISR_I2SExt                       0x08002289   Thumb Code    88  stm32f4xx_hal_i2s_ex.o(i.I2SEx_TxISR_I2SExt)
    i.I2S_IRQHandler                         0x080022e8   Section        0  stm32f4xx_hal_i2s.o(i.I2S_IRQHandler)
    I2S_IRQHandler                           0x080022e9   Thumb Code   242  stm32f4xx_hal_i2s.o(i.I2S_IRQHandler)
    i.MX_DriverVbusFS                        0x080023dc   Section        0  usbh_platform.o(i.MX_DriverVbusFS)
    i.MX_GPIO_Init                           0x080023f0   Section        0  gpio.o(i.MX_GPIO_Init)
    i.MX_I2C1_Init                           0x0800255c   Section        0  i2c.o(i.MX_I2C1_Init)
    i.MX_I2S3_Init                           0x0800259c   Section        0  i2s.o(i.MX_I2S3_Init)
    i.MX_SPI1_Init                           0x080025d8   Section        0  spi.o(i.MX_SPI1_Init)
    i.MX_TIM7_Init                           0x0800261c   Section        0  tim.o(i.MX_TIM7_Init)
    i.MX_USB_HOST_Init                       0x08002664   Section        0  usb_host.o(i.MX_USB_HOST_Init)
    i.MX_USB_HOST_Process                    0x080026a4   Section        0  usb_host.o(i.MX_USB_HOST_Process)
    i.MemManage_Handler                      0x080026b0   Section        0  stm32f4xx_it.o(i.MemManage_Handler)
    i.NMI_Handler                            0x080026b2   Section        0  stm32f4xx_it.o(i.NMI_Handler)
    i.OTG_FS_IRQHandler                      0x080026b4   Section        0  stm32f4xx_it.o(i.OTG_FS_IRQHandler)
    i.PendSV_Handler                         0x080026c0   Section        0  stm32f4xx_it.o(i.PendSV_Handler)
    i.SVC_Handler                            0x080026c2   Section        0  stm32f4xx_it.o(i.SVC_Handler)
    i.SysTick_Handler                        0x080026c4   Section        0  stm32f4xx_it.o(i.SysTick_Handler)
    i.SystemClock_Config                     0x080026c8   Section        0  main.o(i.SystemClock_Config)
    i.SystemInit                             0x08002764   Section        0  system_stm32f4xx.o(i.SystemInit)
    i.TIM7_IRQHandler                        0x08002780   Section        0  stm32f4xx_it.o(i.TIM7_IRQHandler)
    i.TIM_Base_SetConfig                     0x0800278c   Section        0  stm32f4xx_hal_tim.o(i.TIM_Base_SetConfig)
    i.USBH_AllocPipe                         0x08002854   Section        0  usbh_pipes.o(i.USBH_AllocPipe)
    i.USBH_BulkReceiveData                   0x0800288c   Section        0  usbh_ioreq.o(i.USBH_BulkReceiveData)
    i.USBH_BulkSendData                      0x080028ac   Section        0  usbh_ioreq.o(i.USBH_BulkSendData)
    i.USBH_CDC_ClassRequest                  0x080028d4   Section        0  usbh_cdc.o(i.USBH_CDC_ClassRequest)
    USBH_CDC_ClassRequest                    0x080028d5   Thumb Code    36  usbh_cdc.o(i.USBH_CDC_ClassRequest)
    i.USBH_CDC_InterfaceDeInit               0x080028f8   Section        0  usbh_cdc.o(i.USBH_CDC_InterfaceDeInit)
    USBH_CDC_InterfaceDeInit                 0x080028f9   Thumb Code    94  usbh_cdc.o(i.USBH_CDC_InterfaceDeInit)
    i.USBH_CDC_InterfaceInit                 0x08002956   Section        0  usbh_cdc.o(i.USBH_CDC_InterfaceInit)
    USBH_CDC_InterfaceInit                   0x08002957   Thumb Code   324  usbh_cdc.o(i.USBH_CDC_InterfaceInit)
    i.USBH_CDC_LineCodingChanged             0x08002a9a   Section        0  usbh_cdc.o(i.USBH_CDC_LineCodingChanged)
    i.USBH_CDC_Process                       0x08002a9c   Section        0  usbh_cdc.o(i.USBH_CDC_Process)
    USBH_CDC_Process                         0x08002a9d   Thumb Code   184  usbh_cdc.o(i.USBH_CDC_Process)
    i.USBH_CDC_ReceiveCallback               0x08002b54   Section        0  usbh_cdc.o(i.USBH_CDC_ReceiveCallback)
    i.USBH_CDC_SOFProcess                    0x08002b56   Section        0  usbh_cdc.o(i.USBH_CDC_SOFProcess)
    USBH_CDC_SOFProcess                      0x08002b57   Thumb Code     4  usbh_cdc.o(i.USBH_CDC_SOFProcess)
    i.USBH_CDC_TransmitCallback              0x08002b5a   Section        0  usbh_cdc.o(i.USBH_CDC_TransmitCallback)
    i.USBH_ClosePipe                         0x08002b5c   Section        0  usbh_pipes.o(i.USBH_ClosePipe)
    i.USBH_ClrFeature                        0x08002b66   Section        0  usbh_ctlreq.o(i.USBH_ClrFeature)
    i.USBH_CtlReceiveData                    0x08002b84   Section        0  usbh_ioreq.o(i.USBH_CtlReceiveData)
    i.USBH_CtlReq                            0x08002ba2   Section        0  usbh_ctlreq.o(i.USBH_CtlReq)
    i.USBH_CtlSendData                       0x08002bdc   Section        0  usbh_ioreq.o(i.USBH_CtlSendData)
    i.USBH_CtlSendSetup                      0x08002c04   Section        0  usbh_ioreq.o(i.USBH_CtlSendSetup)
    i.USBH_Delay                             0x08002c22   Section        0  usbh_conf.o(i.USBH_Delay)
    i.USBH_FindInterface                     0x08002c28   Section        0  usbh_core.o(i.USBH_FindInterface)
    i.USBH_FreePipe                          0x08002c6c   Section        0  usbh_pipes.o(i.USBH_FreePipe)
    i.USBH_GetDescriptor                     0x08002c84   Section        0  usbh_ctlreq.o(i.USBH_GetDescriptor)
    i.USBH_GetNextDesc                       0x08002cb8   Section        0  usbh_ctlreq.o(i.USBH_GetNextDesc)
    i.USBH_Get_CfgDesc                       0x08002cc6   Section        0  usbh_ctlreq.o(i.USBH_Get_CfgDesc)
    i.USBH_Get_DevDesc                       0x08002cf2   Section        0  usbh_ctlreq.o(i.USBH_Get_DevDesc)
    i.USBH_Get_StringDesc                    0x08002d82   Section        0  usbh_ctlreq.o(i.USBH_Get_StringDesc)
    i.USBH_Get_USB_Status                    0x08002dca   Section        0  usbh_conf.o(i.USBH_Get_USB_Status)
    i.USBH_HandleControl                     0x08002de2   Section        0  usbh_ctlreq.o(i.USBH_HandleControl)
    USBH_HandleControl                       0x08002de3   Thumb Code   402  usbh_ctlreq.o(i.USBH_HandleControl)
    i.USBH_HandleEnum                        0x08002f74   Section        0  usbh_core.o(i.USBH_HandleEnum)
    USBH_HandleEnum                          0x08002f75   Thumb Code   362  usbh_core.o(i.USBH_HandleEnum)
    i.USBH_Init                              0x080030de   Section        0  usbh_core.o(i.USBH_Init)
    i.USBH_LL_ClosePipe                      0x0800311c   Section        0  usbh_conf.o(i.USBH_LL_ClosePipe)
    i.USBH_LL_Connect                        0x0800312e   Section        0  usbh_core.o(i.USBH_LL_Connect)
    i.USBH_LL_Disconnect                     0x08003142   Section        0  usbh_core.o(i.USBH_LL_Disconnect)
    i.USBH_LL_DriverVBUS                     0x08003170   Section        0  usbh_conf.o(i.USBH_LL_DriverVBUS)
    i.USBH_LL_GetLastXferSize                0x0800318a   Section        0  usbh_conf.o(i.USBH_LL_GetLastXferSize)
    i.USBH_LL_GetSpeed                       0x08003192   Section        0  usbh_conf.o(i.USBH_LL_GetSpeed)
    i.USBH_LL_GetURBState                    0x080031b4   Section        0  usbh_conf.o(i.USBH_LL_GetURBState)
    i.USBH_LL_IncTimer                       0x080031bc   Section        0  usbh_core.o(i.USBH_LL_IncTimer)
    i.USBH_LL_Init                           0x080031dc   Section        0  usbh_conf.o(i.USBH_LL_Init)
    i.USBH_LL_OpenPipe                       0x0800322c   Section        0  usbh_conf.o(i.USBH_LL_OpenPipe)
    i.USBH_LL_PortDisabled                   0x08003248   Section        0  usbh_core.o(i.USBH_LL_PortDisabled)
    i.USBH_LL_PortEnabled                    0x08003250   Section        0  usbh_core.o(i.USBH_LL_PortEnabled)
    i.USBH_LL_ResetPort                      0x08003258   Section        0  usbh_conf.o(i.USBH_LL_ResetPort)
    i.USBH_LL_SetTimer                       0x0800326a   Section        0  usbh_core.o(i.USBH_LL_SetTimer)
    i.USBH_LL_SetToggle                      0x08003270   Section        0  usbh_conf.o(i.USBH_LL_SetToggle)
    i.USBH_LL_Start                          0x08003290   Section        0  usbh_conf.o(i.USBH_LL_Start)
    i.USBH_LL_Stop                           0x080032a2   Section        0  usbh_conf.o(i.USBH_LL_Stop)
    i.USBH_LL_SubmitURB                      0x080032b4   Section        0  usbh_conf.o(i.USBH_LL_SubmitURB)
    i.USBH_OpenPipe                          0x080032d6   Section        0  usbh_pipes.o(i.USBH_OpenPipe)
    i.USBH_ParseCfgDesc                      0x080032ea   Section        0  usbh_ctlreq.o(i.USBH_ParseCfgDesc)
    USBH_ParseCfgDesc                        0x080032eb   Thumb Code   220  usbh_ctlreq.o(i.USBH_ParseCfgDesc)
    i.USBH_Process                           0x080033c8   Section        0  usbh_core.o(i.USBH_Process)
    i.USBH_RegisterClass                     0x080035f0   Section        0  usbh_core.o(i.USBH_RegisterClass)
    i.USBH_SelectInterface                   0x0800360c   Section        0  usbh_core.o(i.USBH_SelectInterface)
    i.USBH_SetAddress                        0x08003622   Section        0  usbh_ctlreq.o(i.USBH_SetAddress)
    i.USBH_SetCfg                            0x0800363e   Section        0  usbh_ctlreq.o(i.USBH_SetCfg)
    i.USBH_SetFeature                        0x0800365a   Section        0  usbh_ctlreq.o(i.USBH_SetFeature)
    i.USBH_Start                             0x08003676   Section        0  usbh_core.o(i.USBH_Start)
    i.USBH_UserProcess                       0x0800368c   Section        0  usb_host.o(i.USBH_UserProcess)
    USBH_UserProcess                         0x0800368d   Thumb Code    28  usb_host.o(i.USBH_UserProcess)
    i.USB_CoreInit                           0x080036ac   Section        0  stm32f4xx_ll_usb.o(i.USB_CoreInit)
    i.USB_CoreReset                          0x08003720   Section        0  stm32f4xx_ll_usb.o(i.USB_CoreReset)
    USB_CoreReset                            0x08003721   Thumb Code    50  stm32f4xx_ll_usb.o(i.USB_CoreReset)
    i.USB_DisableGlobalInt                   0x08003758   Section        0  stm32f4xx_ll_usb.o(i.USB_DisableGlobalInt)
    i.USB_DoPing                             0x08003764   Section        0  stm32f4xx_ll_usb.o(i.USB_DoPing)
    i.USB_DriveVbus                          0x08003788   Section        0  stm32f4xx_ll_usb.o(i.USB_DriveVbus)
    i.USB_EnableGlobalInt                    0x080037b4   Section        0  stm32f4xx_ll_usb.o(i.USB_EnableGlobalInt)
    i.USB_FlushRxFifo                        0x080037c0   Section        0  stm32f4xx_ll_usb.o(i.USB_FlushRxFifo)
    i.USB_FlushTxFifo                        0x080037e0   Section        0  stm32f4xx_ll_usb.o(i.USB_FlushTxFifo)
    i.USB_GetCurrentFrame                    0x08003804   Section        0  stm32f4xx_ll_usb.o(i.USB_GetCurrentFrame)
    i.USB_GetHostSpeed                       0x0800380c   Section        0  stm32f4xx_ll_usb.o(i.USB_GetHostSpeed)
    i.USB_GetMode                            0x0800381a   Section        0  stm32f4xx_ll_usb.o(i.USB_GetMode)
    i.USB_HC_Halt                            0x08003822   Section        0  stm32f4xx_ll_usb.o(i.USB_HC_Halt)
    i.USB_HC_Init                            0x080038e4   Section        0  stm32f4xx_ll_usb.o(i.USB_HC_Init)
    i.USB_HC_ReadInterrupt                   0x080039d4   Section        0  stm32f4xx_ll_usb.o(i.USB_HC_ReadInterrupt)
    i.USB_HC_StartXfer                       0x080039dc   Section        0  stm32f4xx_ll_usb.o(i.USB_HC_StartXfer)
    i.USB_HostInit                           0x08003b2c   Section        0  stm32f4xx_ll_usb.o(i.USB_HostInit)
    i.USB_InitFSLSPClkSel                    0x08003c04   Section        0  stm32f4xx_ll_usb.o(i.USB_InitFSLSPClkSel)
    i.USB_ReadInterrupts                     0x08003c3a   Section        0  stm32f4xx_ll_usb.o(i.USB_ReadInterrupts)
    i.USB_ReadPacket                         0x08003c42   Section        0  stm32f4xx_ll_usb.o(i.USB_ReadPacket)
    i.USB_ResetPort                          0x08003c5e   Section        0  stm32f4xx_ll_usb.o(i.USB_ResetPort)
    i.USB_SetCurrentMode                     0x08003c90   Section        0  stm32f4xx_ll_usb.o(i.USB_SetCurrentMode)
    i.USB_StopHost                           0x08003cc0   Section        0  stm32f4xx_ll_usb.o(i.USB_StopHost)
    i.USB_WritePacket                        0x08003d3e   Section        0  stm32f4xx_ll_usb.o(i.USB_WritePacket)
    i.UsageFault_Handler                     0x08003d62   Section        0  stm32f4xx_it.o(i.UsageFault_Handler)
    i.__NVIC_SetPriority                     0x08003d64   Section        0  stm32f4xx_hal_cortex.o(i.__NVIC_SetPriority)
    __NVIC_SetPriority                       0x08003d65   Thumb Code    32  stm32f4xx_hal_cortex.o(i.__NVIC_SetPriority)
    i.__scatterload_copy                     0x08003d84   Section       14  handlers.o(i.__scatterload_copy)
    i.__scatterload_null                     0x08003d92   Section        2  handlers.o(i.__scatterload_null)
    i.__scatterload_zeroinit                 0x08003d94   Section       14  handlers.o(i.__scatterload_zeroinit)
    i.free                                   0x08003da4   Section        0  malloc.o(i.free)
    i.main                                   0x08003df4   Section        0  main.o(i.main)
    i.malloc                                 0x08003ea8   Section        0  malloc.o(i.malloc)
    .constdata                               0x08003f14   Section       16  system_stm32f4xx.o(.constdata)
    .constdata                               0x08003f24   Section        8  system_stm32f4xx.o(.constdata)
    .conststring                             0x08003f2c   Section        4  usbh_cdc.o(.conststring)
    .data                                    0x20000000   Section        4  main.o(.data)
    .data                                    0x20000004   Section        1  usb_host.o(.data)
    .data                                    0x20000008   Section        4  stm32f4xx_ll_usb.o(.data)
    tmpreg                                   0x20000008   Data           4  stm32f4xx_ll_usb.o(.data)
    .data                                    0x2000000c   Section       12  stm32f4xx_hal.o(.data)
    .data                                    0x20000018   Section        4  system_stm32f4xx.o(.data)
    .data                                    0x2000001c   Section       32  usbh_cdc.o(.data)
    .data                                    0x2000003c   Section        4  mvars.o(.data)
    .data                                    0x20000040   Section        4  mvars.o(.data)
    .bss                                     0x20000044   Section       84  i2c.o(.bss)
    .bss                                     0x20000098   Section       72  i2s.o(.bss)
    .bss                                     0x200000e0   Section       88  spi.o(.bss)
    .bss                                     0x20000138   Section       64  tim.o(.bss)
    .bss                                     0x20000178   Section      984  usb_host.o(.bss)
    .bss                                     0x20000550   Section      708  usbh_conf.o(.bss)
    HEAP                                     0x20000818   Section      512  startup_stm32f407xx.o(HEAP)
    STACK                                    0x20000a18   Section     1024  startup_stm32f407xx.o(STACK)

    Global Symbols

    Symbol Name                              Value     Ov Type        Size  Object(Section)

    BuildAttributes$$THM_ISAv4$E$P$D$K$B$S$7EM$VFPi3$EXTD16$VFPS$VFMA$PE$A:L22UL41UL21$X:L11$S22US41US21$IEEE1$IW$USESV6$~STKCKD$USESV7$~SHL$OSPACE$EBA8$MICROLIB$REQ8$PRES8$EABIv2 0x00000000   Number         0  anon$$obj.o ABSOLUTE
    __ARM_use_no_argv                        0x00000000   Number         0  main.o ABSOLUTE
    __cpp_initialize__aeabi_                  - Undefined Weak Reference
    __cxa_finalize                            - Undefined Weak Reference
    __decompress                              - Undefined Weak Reference
    _clock_init                               - Undefined Weak Reference
    _microlib_exit                            - Undefined Weak Reference
    __Vectors_Size                           0x00000188   Number         0  startup_stm32f407xx.o ABSOLUTE
    __Vectors                                0x08000000   Data           4  startup_stm32f407xx.o(RESET)
    __Vectors_End                            0x08000188   Data           0  startup_stm32f407xx.o(RESET)
    __main                                   0x08000189   Thumb Code     0  entry.o(.ARM.Collect$$$$00000000)
    _main_stk                                0x08000189   Thumb Code     0  entry2.o(.ARM.Collect$$$$00000001)
    _main_scatterload                        0x0800018d   Thumb Code     0  entry5.o(.ARM.Collect$$$$00000004)
    __main_after_scatterload                 0x08000191   Thumb Code     0  entry5.o(.ARM.Collect$$$$00000004)
    _main_clock                              0x08000191   Thumb Code     0  entry7b.o(.ARM.Collect$$$$00000008)
    _main_cpp_init                           0x08000191   Thumb Code     0  entry8b.o(.ARM.Collect$$$$0000000A)
    _main_init                               0x08000191   Thumb Code     0  entry9a.o(.ARM.Collect$$$$0000000B)
    __rt_final_cpp                           0x08000199   Thumb Code     0  entry10a.o(.ARM.Collect$$$$0000000D)
    __rt_final_exit                          0x08000199   Thumb Code     0  entry11a.o(.ARM.Collect$$$$0000000F)
    Reset_Handler                            0x0800019d   Thumb Code     8  startup_stm32f407xx.o(.text)
    ADC_IRQHandler                           0x080001b7   Thumb Code     0  startup_stm32f407xx.o(.text)
    CAN1_RX0_IRQHandler                      0x080001b7   Thumb Code     0  startup_stm32f407xx.o(.text)
    CAN1_RX1_IRQHandler                      0x080001b7   Thumb Code     0  startup_stm32f407xx.o(.text)
    CAN1_SCE_IRQHandler                      0x080001b7   Thumb Code     0  startup_stm32f407xx.o(.text)
    CAN1_TX_IRQHandler                       0x080001b7   Thumb Code     0  startup_stm32f407xx.o(.text)
    CAN2_RX0_IRQHandler                      0x080001b7   Thumb Code     0  startup_stm32f407xx.o(.text)
    CAN2_RX1_IRQHandler                      0x080001b7   Thumb Code     0  startup_stm32f407xx.o(.text)
    CAN2_SCE_IRQHandler                      0x080001b7   Thumb Code     0  startup_stm32f407xx.o(.text)
    CAN2_TX_IRQHandler                       0x080001b7   Thumb Code     0  startup_stm32f407xx.o(.text)
    DCMI_IRQHandler                          0x080001b7   Thumb Code     0  startup_stm32f407xx.o(.text)
    DMA1_Stream0_IRQHandler                  0x080001b7   Thumb Code     0  startup_stm32f407xx.o(.text)
    DMA1_Stream1_IRQHandler                  0x080001b7   Thumb Code     0  startup_stm32f407xx.o(.text)
    DMA1_Stream2_IRQHandler                  0x080001b7   Thumb Code     0  startup_stm32f407xx.o(.text)
    DMA1_Stream3_IRQHandler                  0x080001b7   Thumb Code     0  startup_stm32f407xx.o(.text)
    DMA1_Stream4_IRQHandler                  0x080001b7   Thumb Code     0  startup_stm32f407xx.o(.text)
    DMA1_Stream5_IRQHandler                  0x080001b7   Thumb Code     0  startup_stm32f407xx.o(.text)
    DMA1_Stream6_IRQHandler                  0x080001b7   Thumb Code     0  startup_stm32f407xx.o(.text)
    DMA1_Stream7_IRQHandler                  0x080001b7   Thumb Code     0  startup_stm32f407xx.o(.text)
    DMA2_Stream0_IRQHandler                  0x080001b7   Thumb Code     0  startup_stm32f407xx.o(.text)
    DMA2_Stream1_IRQHandler                  0x080001b7   Thumb Code     0  startup_stm32f407xx.o(.text)
    DMA2_Stream2_IRQHandler                  0x080001b7   Thumb Code     0  startup_stm32f407xx.o(.text)
    DMA2_Stream3_IRQHandler                  0x080001b7   Thumb Code     0  startup_stm32f407xx.o(.text)
    DMA2_Stream4_IRQHandler                  0x080001b7   Thumb Code     0  startup_stm32f407xx.o(.text)
    DMA2_Stream5_IRQHandler                  0x080001b7   Thumb Code     0  startup_stm32f407xx.o(.text)
    DMA2_Stream6_IRQHandler                  0x080001b7   Thumb Code     0  startup_stm32f407xx.o(.text)
    DMA2_Stream7_IRQHandler                  0x080001b7   Thumb Code     0  startup_stm32f407xx.o(.text)
    ETH_IRQHandler                           0x080001b7   Thumb Code     0  startup_stm32f407xx.o(.text)
    ETH_WKUP_IRQHandler                      0x080001b7   Thumb Code     0  startup_stm32f407xx.o(.text)
    EXTI15_10_IRQHandler                     0x080001b7   Thumb Code     0  startup_stm32f407xx.o(.text)
    EXTI1_IRQHandler                         0x080001b7   Thumb Code     0  startup_stm32f407xx.o(.text)
    EXTI2_IRQHandler                         0x080001b7   Thumb Code     0  startup_stm32f407xx.o(.text)
    EXTI3_IRQHandler                         0x080001b7   Thumb Code     0  startup_stm32f407xx.o(.text)
    EXTI4_IRQHandler                         0x080001b7   Thumb Code     0  startup_stm32f407xx.o(.text)
    EXTI9_5_IRQHandler                       0x080001b7   Thumb Code     0  startup_stm32f407xx.o(.text)
    FLASH_IRQHandler                         0x080001b7   Thumb Code     0  startup_stm32f407xx.o(.text)
    FMC_IRQHandler                           0x080001b7   Thumb Code     0  startup_stm32f407xx.o(.text)
    FPU_IRQHandler                           0x080001b7   Thumb Code     0  startup_stm32f407xx.o(.text)
    HASH_RNG_IRQHandler                      0x080001b7   Thumb Code     0  startup_stm32f407xx.o(.text)
    I2C1_ER_IRQHandler                       0x080001b7   Thumb Code     0  startup_stm32f407xx.o(.text)
    I2C1_EV_IRQHandler                       0x080001b7   Thumb Code     0  startup_stm32f407xx.o(.text)
    I2C2_ER_IRQHandler                       0x080001b7   Thumb Code     0  startup_stm32f407xx.o(.text)
    I2C2_EV_IRQHandler                       0x080001b7   Thumb Code     0  startup_stm32f407xx.o(.text)
    I2C3_ER_IRQHandler                       0x080001b7   Thumb Code     0  startup_stm32f407xx.o(.text)
    I2C3_EV_IRQHandler                       0x080001b7   Thumb Code     0  startup_stm32f407xx.o(.text)
    OTG_FS_WKUP_IRQHandler                   0x080001b7   Thumb Code     0  startup_stm32f407xx.o(.text)
    OTG_HS_EP1_IN_IRQHandler                 0x080001b7   Thumb Code     0  startup_stm32f407xx.o(.text)
    OTG_HS_EP1_OUT_IRQHandler                0x080001b7   Thumb Code     0  startup_stm32f407xx.o(.text)
    OTG_HS_IRQHandler                        0x080001b7   Thumb Code     0  startup_stm32f407xx.o(.text)
    OTG_HS_WKUP_IRQHandler                   0x080001b7   Thumb Code     0  startup_stm32f407xx.o(.text)
    PVD_IRQHandler                           0x080001b7   Thumb Code     0  startup_stm32f407xx.o(.text)
    RCC_IRQHandler                           0x080001b7   Thumb Code     0  startup_stm32f407xx.o(.text)
    RTC_Alarm_IRQHandler                     0x080001b7   Thumb Code     0  startup_stm32f407xx.o(.text)
    RTC_WKUP_IRQHandler                      0x080001b7   Thumb Code     0  startup_stm32f407xx.o(.text)
    SDIO_IRQHandler                          0x080001b7   Thumb Code     0  startup_stm32f407xx.o(.text)
    SPI1_IRQHandler                          0x080001b7   Thumb Code     0  startup_stm32f407xx.o(.text)
    SPI2_IRQHandler                          0x080001b7   Thumb Code     0  startup_stm32f407xx.o(.text)
    SPI3_IRQHandler                          0x080001b7   Thumb Code     0  startup_stm32f407xx.o(.text)
    TAMP_STAMP_IRQHandler                    0x080001b7   Thumb Code     0  startup_stm32f407xx.o(.text)
    TIM1_BRK_TIM9_IRQHandler                 0x080001b7   Thumb Code     0  startup_stm32f407xx.o(.text)
    TIM1_CC_IRQHandler                       0x080001b7   Thumb Code     0  startup_stm32f407xx.o(.text)
    TIM1_TRG_COM_TIM11_IRQHandler            0x080001b7   Thumb Code     0  startup_stm32f407xx.o(.text)
    TIM1_UP_TIM10_IRQHandler                 0x080001b7   Thumb Code     0  startup_stm32f407xx.o(.text)
    TIM2_IRQHandler                          0x080001b7   Thumb Code     0  startup_stm32f407xx.o(.text)
    TIM3_IRQHandler                          0x080001b7   Thumb Code     0  startup_stm32f407xx.o(.text)
    TIM4_IRQHandler                          0x080001b7   Thumb Code     0  startup_stm32f407xx.o(.text)
    TIM5_IRQHandler                          0x080001b7   Thumb Code     0  startup_stm32f407xx.o(.text)
    TIM6_DAC_IRQHandler                      0x080001b7   Thumb Code     0  startup_stm32f407xx.o(.text)
    TIM8_BRK_TIM12_IRQHandler                0x080001b7   Thumb Code     0  startup_stm32f407xx.o(.text)
    TIM8_CC_IRQHandler                       0x080001b7   Thumb Code     0  startup_stm32f407xx.o(.text)
    TIM8_TRG_COM_TIM14_IRQHandler            0x080001b7   Thumb Code     0  startup_stm32f407xx.o(.text)
    TIM8_UP_TIM13_IRQHandler                 0x080001b7   Thumb Code     0  startup_stm32f407xx.o(.text)
    UART4_IRQHandler                         0x080001b7   Thumb Code     0  startup_stm32f407xx.o(.text)
    UART5_IRQHandler                         0x080001b7   Thumb Code     0  startup_stm32f407xx.o(.text)
    USART1_IRQHandler                        0x080001b7   Thumb Code     0  startup_stm32f407xx.o(.text)
    USART2_IRQHandler                        0x080001b7   Thumb Code     0  startup_stm32f407xx.o(.text)
    USART3_IRQHandler                        0x080001b7   Thumb Code     0  startup_stm32f407xx.o(.text)
    USART6_IRQHandler                        0x080001b7   Thumb Code     0  startup_stm32f407xx.o(.text)
    WWDG_IRQHandler                          0x080001b7   Thumb Code     0  startup_stm32f407xx.o(.text)
    __aeabi_uldivmod                         0x080001c1   Thumb Code    98  uldiv.o(.text)
    __aeabi_memcpy                           0x08000223   Thumb Code    36  memcpya.o(.text)
    __aeabi_memcpy4                          0x08000223   Thumb Code     0  memcpya.o(.text)
    __aeabi_memcpy8                          0x08000223   Thumb Code     0  memcpya.o(.text)
    __aeabi_memset                           0x08000247   Thumb Code    14  memseta.o(.text)
    __aeabi_memset4                          0x08000247   Thumb Code     0  memseta.o(.text)
    __aeabi_memset8                          0x08000247   Thumb Code     0  memseta.o(.text)
    __aeabi_memclr                           0x08000255   Thumb Code     4  memseta.o(.text)
    __aeabi_memclr4                          0x08000255   Thumb Code     0  memseta.o(.text)
    __aeabi_memclr8                          0x08000255   Thumb Code     0  memseta.o(.text)
    _memset$wrapper                          0x08000259   Thumb Code    18  memseta.o(.text)
    __aeabi_llsl                             0x0800026b   Thumb Code    30  llshl.o(.text)
    _ll_shift_l                              0x0800026b   Thumb Code     0  llshl.o(.text)
    __aeabi_llsr                             0x08000289   Thumb Code    32  llushr.o(.text)
    _ll_ushift_r                             0x08000289   Thumb Code     0  llushr.o(.text)
    __scatterload                            0x080002a9   Thumb Code    28  init.o(.text)
    __scatterload_rt2                        0x080002a9   Thumb Code     0  init.o(.text)
    BusFault_Handler                         0x080002cd   Thumb Code     2  stm32f4xx_it.o(i.BusFault_Handler)
    DebugMon_Handler                         0x080003fd   Thumb Code     2  stm32f4xx_it.o(i.DebugMon_Handler)
    EXTI0_IRQHandler                         0x080003ff   Thumb Code     6  stm32f4xx_it.o(i.EXTI0_IRQHandler)
    Error_Handler                            0x08000405   Thumb Code     2  main.o(i.Error_Handler)
    HAL_Delay                                0x0800041d   Thumb Code    32  stm32f4xx_hal.o(i.HAL_Delay)
    HAL_GPIO_EXTI_Callback                   0x08000441   Thumb Code    10  main.o(i.HAL_GPIO_EXTI_Callback)
    HAL_GPIO_EXTI_IRQHandler                 0x08000451   Thumb Code    18  stm32f4xx_hal_gpio.o(i.HAL_GPIO_EXTI_IRQHandler)
    HAL_GPIO_Init                            0x08000469   Thumb Code   394  stm32f4xx_hal_gpio.o(i.HAL_GPIO_Init)
    HAL_GPIO_TogglePin                       0x08000621   Thumb Code    14  stm32f4xx_hal_gpio.o(i.HAL_GPIO_TogglePin)
    HAL_GPIO_WritePin                        0x0800062f   Thumb Code    10  stm32f4xx_hal_gpio.o(i.HAL_GPIO_WritePin)
    HAL_GetTick                              0x08000639   Thumb Code     6  stm32f4xx_hal.o(i.HAL_GetTick)
    HAL_HCD_Connect_Callback                 0x08000645   Thumb Code     8  usbh_conf.o(i.HAL_HCD_Connect_Callback)
    HAL_HCD_Disconnect_Callback              0x0800064d   Thumb Code     8  usbh_conf.o(i.HAL_HCD_Disconnect_Callback)
    HAL_HCD_GetCurrentFrame                  0x08000655   Thumb Code     6  stm32f4xx_hal_hcd.o(i.HAL_HCD_GetCurrentFrame)
    HAL_HCD_GetCurrentSpeed                  0x0800065b   Thumb Code     6  stm32f4xx_hal_hcd.o(i.HAL_HCD_GetCurrentSpeed)
    HAL_HCD_HC_GetURBState                   0x08000661   Thumb Code    14  stm32f4xx_hal_hcd.o(i.HAL_HCD_HC_GetURBState)
    HAL_HCD_HC_GetXferCount                  0x0800066f   Thumb Code    12  stm32f4xx_hal_hcd.o(i.HAL_HCD_HC_GetXferCount)
    HAL_HCD_HC_Halt                          0x0800067b   Thumb Code    36  stm32f4xx_hal_hcd.o(i.HAL_HCD_HC_Halt)
    HAL_HCD_HC_Init                          0x0800069f   Thumb Code   114  stm32f4xx_hal_hcd.o(i.HAL_HCD_HC_Init)
    HAL_HCD_HC_NotifyURBChange_Callback      0x08000711   Thumb Code     2  usbh_conf.o(i.HAL_HCD_HC_NotifyURBChange_Callback)
    HAL_HCD_HC_SubmitRequest                 0x08000713   Thumb Code   148  stm32f4xx_hal_hcd.o(i.HAL_HCD_HC_SubmitRequest)
    HAL_HCD_IRQHandler                       0x080007a9   Thumb Code   304  stm32f4xx_hal_hcd.o(i.HAL_HCD_IRQHandler)
    HAL_HCD_Init                             0x080008d9   Thumb Code   114  stm32f4xx_hal_hcd.o(i.HAL_HCD_Init)
    HAL_HCD_MspInit                          0x0800094d   Thumb Code   140  usbh_conf.o(i.HAL_HCD_MspInit)
    HAL_HCD_PortDisabled_Callback            0x080009e1   Thumb Code     8  usbh_conf.o(i.HAL_HCD_PortDisabled_Callback)
    HAL_HCD_PortEnabled_Callback             0x080009e9   Thumb Code     8  usbh_conf.o(i.HAL_HCD_PortEnabled_Callback)
    HAL_HCD_ResetPort                        0x080009f1   Thumb Code     6  stm32f4xx_hal_hcd.o(i.HAL_HCD_ResetPort)
    HAL_HCD_SOF_Callback                     0x080009f7   Thumb Code     8  usbh_conf.o(i.HAL_HCD_SOF_Callback)
    HAL_HCD_Start                            0x080009ff   Thumb Code    44  stm32f4xx_hal_hcd.o(i.HAL_HCD_Start)
    HAL_HCD_Stop                             0x08000a2b   Thumb Code    36  stm32f4xx_hal_hcd.o(i.HAL_HCD_Stop)
    HAL_I2C_Init                             0x08000a51   Thumb Code   376  stm32f4xx_hal_i2c.o(i.HAL_I2C_Init)
    HAL_I2C_MspInit                          0x08000bd9   Thumb Code    94  i2c.o(i.HAL_I2C_MspInit)
    HAL_I2SEx_FullDuplex_IRQHandler          0x08000c45   Thumb Code   492  stm32f4xx_hal_i2s_ex.o(i.HAL_I2SEx_FullDuplex_IRQHandler)
    HAL_I2SEx_TxRxCpltCallback               0x08000e39   Thumb Code     2  stm32f4xx_hal_i2s_ex.o(i.HAL_I2SEx_TxRxCpltCallback)
    HAL_I2S_ErrorCallback                    0x08000e3b   Thumb Code     2  stm32f4xx_hal_i2s.o(i.HAL_I2S_ErrorCallback)
    HAL_I2S_Init                             0x08000e3d   Thumb Code   354  stm32f4xx_hal_i2s.o(i.HAL_I2S_Init)
    HAL_I2S_MspInit                          0x08000fb1   Thumb Code   128  i2s.o(i.HAL_I2S_MspInit)
    HAL_I2S_RxCpltCallback                   0x08001041   Thumb Code     2  stm32f4xx_hal_i2s.o(i.HAL_I2S_RxCpltCallback)
    HAL_I2S_TxCpltCallback                   0x08001043   Thumb Code     2  stm32f4xx_hal_i2s.o(i.HAL_I2S_TxCpltCallback)
    HAL_IncTick                              0x08001045   Thumb Code    12  stm32f4xx_hal.o(i.HAL_IncTick)
    HAL_Init                                 0x08001055   Thumb Code    48  stm32f4xx_hal.o(i.HAL_Init)
    HAL_InitTick                             0x08001089   Thumb Code    54  stm32f4xx_hal.o(i.HAL_InitTick)
    HAL_MspInit                              0x080010c9   Thumb Code    48  stm32f4xx_hal_msp.o(i.HAL_MspInit)
    HAL_NVIC_EnableIRQ                       0x080010fd   Thumb Code    26  stm32f4xx_hal_cortex.o(i.HAL_NVIC_EnableIRQ)
    HAL_NVIC_SetPriority                     0x08001119   Thumb Code    60  stm32f4xx_hal_cortex.o(i.HAL_NVIC_SetPriority)
    HAL_NVIC_SetPriorityGrouping             0x08001159   Thumb Code    26  stm32f4xx_hal_cortex.o(i.HAL_NVIC_SetPriorityGrouping)
    HAL_RCCEx_GetPeriphCLKFreq               0x0800117d   Thumb Code    76  stm32f4xx_hal_rcc_ex.o(i.HAL_RCCEx_GetPeriphCLKFreq)
    HAL_RCCEx_PeriphCLKConfig                0x080011d9   Thumb Code   296  stm32f4xx_hal_rcc_ex.o(i.HAL_RCCEx_PeriphCLKConfig)
    HAL_RCC_ClockConfig                      0x08001315   Thumb Code   288  stm32f4xx_hal_rcc.o(i.HAL_RCC_ClockConfig)
    HAL_RCC_GetPCLK1Freq                     0x08001449   Thumb Code    20  stm32f4xx_hal_rcc.o(i.HAL_RCC_GetPCLK1Freq)
    HAL_RCC_GetSysClockFreq                  0x08001469   Thumb Code    88  stm32f4xx_hal_rcc.o(i.HAL_RCC_GetSysClockFreq)
    HAL_RCC_OscConfig                        0x080014c9   Thumb Code   840  stm32f4xx_hal_rcc.o(i.HAL_RCC_OscConfig)
    HAL_SPI_Init                             0x08001825   Thumb Code   128  stm32f4xx_hal_spi.o(i.HAL_SPI_Init)
    HAL_SPI_MspInit                          0x080018a5   Thumb Code    90  spi.o(i.HAL_SPI_MspInit)
    HAL_SYSTICK_Config                       0x0800190d   Thumb Code    40  stm32f4xx_hal_cortex.o(i.HAL_SYSTICK_Config)
    HAL_TIMEx_BreakCallback                  0x08001935   Thumb Code     2  stm32f4xx_hal_tim_ex.o(i.HAL_TIMEx_BreakCallback)
    HAL_TIMEx_CommutCallback                 0x08001937   Thumb Code     2  stm32f4xx_hal_tim_ex.o(i.HAL_TIMEx_CommutCallback)
    HAL_TIMEx_MasterConfigSynchronization    0x08001939   Thumb Code   116  stm32f4xx_hal_tim_ex.o(i.HAL_TIMEx_MasterConfigSynchronization)
    HAL_TIM_Base_Init                        0x080019c9   Thumb Code    54  stm32f4xx_hal_tim.o(i.HAL_TIM_Base_Init)
    HAL_TIM_Base_MspInit                     0x08001a01   Thumb Code    30  tim.o(i.HAL_TIM_Base_MspInit)
    HAL_TIM_Base_Start_IT                    0x08001a29   Thumb Code    34  stm32f4xx_hal_tim.o(i.HAL_TIM_Base_Start_IT)
    HAL_TIM_Base_Stop_IT                     0x08001a4b   Thumb Code    42  stm32f4xx_hal_tim.o(i.HAL_TIM_Base_Stop_IT)
    HAL_TIM_IC_CaptureCallback               0x08001a75   Thumb Code     2  stm32f4xx_hal_tim.o(i.HAL_TIM_IC_CaptureCallback)
    HAL_TIM_IRQHandler                       0x08001a77   Thumb Code   358  stm32f4xx_hal_tim.o(i.HAL_TIM_IRQHandler)
    HAL_TIM_OC_DelayElapsedCallback          0x08001bdd   Thumb Code     2  stm32f4xx_hal_tim.o(i.HAL_TIM_OC_DelayElapsedCallback)
    HAL_TIM_PWM_PulseFinishedCallback        0x08001bdf   Thumb Code     2  stm32f4xx_hal_tim.o(i.HAL_TIM_PWM_PulseFinishedCallback)
    HAL_TIM_PeriodElapsedCallback            0x08001be1   Thumb Code   114  main.o(i.HAL_TIM_PeriodElapsedCallback)
    HAL_TIM_TriggerCallback                  0x08001c61   Thumb Code     2  stm32f4xx_hal_tim.o(i.HAL_TIM_TriggerCallback)
    HardFault_Handler                        0x08002225   Thumb Code     2  stm32f4xx_it.o(i.HardFault_Handler)
    MX_DriverVbusFS                          0x080023dd   Thumb Code    16  usbh_platform.o(i.MX_DriverVbusFS)
    MX_GPIO_Init                             0x080023f1   Thumb Code   330  gpio.o(i.MX_GPIO_Init)
    MX_I2C1_Init                             0x0800255d   Thumb Code    50  i2c.o(i.MX_I2C1_Init)
    MX_I2S3_Init                             0x0800259d   Thumb Code    48  i2s.o(i.MX_I2S3_Init)
    MX_SPI1_Init                             0x080025d9   Thumb Code    60  spi.o(i.MX_SPI1_Init)
    MX_TIM7_Init                             0x0800261d   Thumb Code    62  tim.o(i.MX_TIM7_Init)
    MX_USB_HOST_Init                         0x08002665   Thumb Code    52  usb_host.o(i.MX_USB_HOST_Init)
    MX_USB_HOST_Process                      0x080026a5   Thumb Code     6  usb_host.o(i.MX_USB_HOST_Process)
    MemManage_Handler                        0x080026b1   Thumb Code     2  stm32f4xx_it.o(i.MemManage_Handler)
    NMI_Handler                              0x080026b3   Thumb Code     2  stm32f4xx_it.o(i.NMI_Handler)
    OTG_FS_IRQHandler                        0x080026b5   Thumb Code     6  stm32f4xx_it.o(i.OTG_FS_IRQHandler)
    PendSV_Handler                           0x080026c1   Thumb Code     2  stm32f4xx_it.o(i.PendSV_Handler)
    SVC_Handler                              0x080026c3   Thumb Code     2  stm32f4xx_it.o(i.SVC_Handler)
    SysTick_Handler                          0x080026c5   Thumb Code     4  stm32f4xx_it.o(i.SysTick_Handler)
    SystemClock_Config                       0x080026c9   Thumb Code   146  main.o(i.SystemClock_Config)
    SystemInit                               0x08002765   Thumb Code    22  system_stm32f4xx.o(i.SystemInit)
    TIM7_IRQHandler                          0x08002781   Thumb Code     6  stm32f4xx_it.o(i.TIM7_IRQHandler)
    TIM_Base_SetConfig                       0x0800278d   Thumb Code   156  stm32f4xx_hal_tim.o(i.TIM_Base_SetConfig)
    USBH_AllocPipe                           0x08002855   Thumb Code    56  usbh_pipes.o(i.USBH_AllocPipe)
    USBH_BulkReceiveData                     0x0800288d   Thumb Code    32  usbh_ioreq.o(i.USBH_BulkReceiveData)
    USBH_BulkSendData                        0x080028ad   Thumb Code    40  usbh_ioreq.o(i.USBH_BulkSendData)
    USBH_CDC_LineCodingChanged               0x08002a9b   Thumb Code     2  usbh_cdc.o(i.USBH_CDC_LineCodingChanged)
    USBH_CDC_ReceiveCallback                 0x08002b55   Thumb Code     2  usbh_cdc.o(i.USBH_CDC_ReceiveCallback)
    USBH_CDC_TransmitCallback                0x08002b5b   Thumb Code     2  usbh_cdc.o(i.USBH_CDC_TransmitCallback)
    USBH_ClosePipe                           0x08002b5d   Thumb Code    10  usbh_pipes.o(i.USBH_ClosePipe)
    USBH_ClrFeature                          0x08002b67   Thumb Code    30  usbh_ctlreq.o(i.USBH_ClrFeature)
    USBH_CtlReceiveData                      0x08002b85   Thumb Code    30  usbh_ioreq.o(i.USBH_CtlReceiveData)
    USBH_CtlReq                              0x08002ba3   Thumb Code    58  usbh_ctlreq.o(i.USBH_CtlReq)
    USBH_CtlSendData                         0x08002bdd   Thumb Code    40  usbh_ioreq.o(i.USBH_CtlSendData)
    USBH_CtlSendSetup                        0x08002c05   Thumb Code    30  usbh_ioreq.o(i.USBH_CtlSendSetup)
    USBH_Delay                               0x08002c23   Thumb Code     4  usbh_conf.o(i.USBH_Delay)
    USBH_FindInterface                       0x08002c29   Thumb Code    68  usbh_core.o(i.USBH_FindInterface)
    USBH_FreePipe                            0x08002c6d   Thumb Code    24  usbh_pipes.o(i.USBH_FreePipe)
    USBH_GetDescriptor                       0x08002c85   Thumb Code    52  usbh_ctlreq.o(i.USBH_GetDescriptor)
    USBH_GetNextDesc                         0x08002cb9   Thumb Code    14  usbh_ctlreq.o(i.USBH_GetNextDesc)
    USBH_Get_CfgDesc                         0x08002cc7   Thumb Code    44  usbh_ctlreq.o(i.USBH_Get_CfgDesc)
    USBH_Get_DevDesc                         0x08002cf3   Thumb Code   144  usbh_ctlreq.o(i.USBH_Get_DevDesc)
    USBH_Get_StringDesc                      0x08002d83   Thumb Code    72  usbh_ctlreq.o(i.USBH_Get_StringDesc)
    USBH_Get_USB_Status                      0x08002dcb   Thumb Code    24  usbh_conf.o(i.USBH_Get_USB_Status)
    USBH_Init                                0x080030df   Thumb Code    62  usbh_core.o(i.USBH_Init)
    USBH_LL_ClosePipe                        0x0800311d   Thumb Code    18  usbh_conf.o(i.USBH_LL_ClosePipe)
    USBH_LL_Connect                          0x0800312f   Thumb Code    20  usbh_core.o(i.USBH_LL_Connect)
    USBH_LL_Disconnect                       0x08003143   Thumb Code    46  usbh_core.o(i.USBH_LL_Disconnect)
    USBH_LL_DriverVBUS                       0x08003171   Thumb Code    26  usbh_conf.o(i.USBH_LL_DriverVBUS)
    USBH_LL_GetLastXferSize                  0x0800318b   Thumb Code     8  usbh_conf.o(i.USBH_LL_GetLastXferSize)
    USBH_LL_GetSpeed                         0x08003193   Thumb Code    34  usbh_conf.o(i.USBH_LL_GetSpeed)
    USBH_LL_GetURBState                      0x080031b5   Thumb Code     8  usbh_conf.o(i.USBH_LL_GetURBState)
    USBH_LL_IncTimer                         0x080031bd   Thumb Code    30  usbh_core.o(i.USBH_LL_IncTimer)
    USBH_LL_Init                             0x080031dd   Thumb Code    74  usbh_conf.o(i.USBH_LL_Init)
    USBH_LL_OpenPipe                         0x0800322d   Thumb Code    28  usbh_conf.o(i.USBH_LL_OpenPipe)
    USBH_LL_PortDisabled                     0x08003249   Thumb Code     8  usbh_core.o(i.USBH_LL_PortDisabled)
    USBH_LL_PortEnabled                      0x08003251   Thumb Code     8  usbh_core.o(i.USBH_LL_PortEnabled)
    USBH_LL_ResetPort                        0x08003259   Thumb Code    18  usbh_conf.o(i.USBH_LL_ResetPort)
    USBH_LL_SetTimer                         0x0800326b   Thumb Code     6  usbh_core.o(i.USBH_LL_SetTimer)
    USBH_LL_SetToggle                        0x08003271   Thumb Code    32  usbh_conf.o(i.USBH_LL_SetToggle)
    USBH_LL_Start                            0x08003291   Thumb Code    18  usbh_conf.o(i.USBH_LL_Start)
    USBH_LL_Stop                             0x080032a3   Thumb Code    18  usbh_conf.o(i.USBH_LL_Stop)
    USBH_LL_SubmitURB                        0x080032b5   Thumb Code    34  usbh_conf.o(i.USBH_LL_SubmitURB)
    USBH_OpenPipe                            0x080032d7   Thumb Code    20  usbh_pipes.o(i.USBH_OpenPipe)
    USBH_Process                             0x080033c9   Thumb Code   552  usbh_core.o(i.USBH_Process)
    USBH_RegisterClass                       0x080035f1   Thumb Code    28  usbh_core.o(i.USBH_RegisterClass)
    USBH_SelectInterface                     0x0800360d   Thumb Code    22  usbh_core.o(i.USBH_SelectInterface)
    USBH_SetAddress                          0x08003623   Thumb Code    28  usbh_ctlreq.o(i.USBH_SetAddress)
    USBH_SetCfg                              0x0800363f   Thumb Code    28  usbh_ctlreq.o(i.USBH_SetCfg)
    USBH_SetFeature                          0x0800365b   Thumb Code    28  usbh_ctlreq.o(i.USBH_SetFeature)
    USBH_Start                               0x08003677   Thumb Code    20  usbh_core.o(i.USBH_Start)
    USB_CoreInit                             0x080036ad   Thumb Code   112  stm32f4xx_ll_usb.o(i.USB_CoreInit)
    USB_DisableGlobalInt                     0x08003759   Thumb Code    12  stm32f4xx_ll_usb.o(i.USB_DisableGlobalInt)
    USB_DoPing                               0x08003765   Thumb Code    30  stm32f4xx_ll_usb.o(i.USB_DoPing)
    USB_DriveVbus                            0x08003789   Thumb Code    44  stm32f4xx_ll_usb.o(i.USB_DriveVbus)
    USB_EnableGlobalInt                      0x080037b5   Thumb Code    12  stm32f4xx_ll_usb.o(i.USB_EnableGlobalInt)
    USB_FlushRxFifo                          0x080037c1   Thumb Code    28  stm32f4xx_ll_usb.o(i.USB_FlushRxFifo)
    USB_FlushTxFifo                          0x080037e1   Thumb Code    32  stm32f4xx_ll_usb.o(i.USB_FlushTxFifo)
    USB_GetCurrentFrame                      0x08003805   Thumb Code     8  stm32f4xx_ll_usb.o(i.USB_GetCurrentFrame)
    USB_GetHostSpeed                         0x0800380d   Thumb Code    14  stm32f4xx_ll_usb.o(i.USB_GetHostSpeed)
    USB_GetMode                              0x0800381b   Thumb Code     8  stm32f4xx_ll_usb.o(i.USB_GetMode)
    USB_HC_Halt                              0x08003823   Thumb Code   194  stm32f4xx_ll_usb.o(i.USB_HC_Halt)
    USB_HC_Init                              0x080038e5   Thumb Code   240  stm32f4xx_ll_usb.o(i.USB_HC_Init)
    USB_HC_ReadInterrupt                     0x080039d5   Thumb Code     8  stm32f4xx_ll_usb.o(i.USB_HC_ReadInterrupt)
    USB_HC_StartXfer                         0x080039dd   Thumb Code   330  stm32f4xx_ll_usb.o(i.USB_HC_StartXfer)
    USB_HostInit                             0x08003b2d   Thumb Code   194  stm32f4xx_ll_usb.o(i.USB_HostInit)
    USB_InitFSLSPClkSel                      0x08003c05   Thumb Code    54  stm32f4xx_ll_usb.o(i.USB_InitFSLSPClkSel)
    USB_ReadInterrupts                       0x08003c3b   Thumb Code     8  stm32f4xx_ll_usb.o(i.USB_ReadInterrupts)
    USB_ReadPacket                           0x08003c43   Thumb Code    28  stm32f4xx_ll_usb.o(i.USB_ReadPacket)
    USB_ResetPort                            0x08003c5f   Thumb Code    50  stm32f4xx_ll_usb.o(i.USB_ResetPort)
    USB_SetCurrentMode                       0x08003c91   Thumb Code    46  stm32f4xx_ll_usb.o(i.USB_SetCurrentMode)
    USB_StopHost                             0x08003cc1   Thumb Code   126  stm32f4xx_ll_usb.o(i.USB_StopHost)
    USB_WritePacket                          0x08003d3f   Thumb Code    36  stm32f4xx_ll_usb.o(i.USB_WritePacket)
    UsageFault_Handler                       0x08003d63   Thumb Code     2  stm32f4xx_it.o(i.UsageFault_Handler)
    __scatterload_copy                       0x08003d85   Thumb Code    14  handlers.o(i.__scatterload_copy)
    __scatterload_null                       0x08003d93   Thumb Code     2  handlers.o(i.__scatterload_null)
    __scatterload_zeroinit                   0x08003d95   Thumb Code    14  handlers.o(i.__scatterload_zeroinit)
    free                                     0x08003da5   Thumb Code    76  malloc.o(i.free)
    main                                     0x08003df5   Thumb Code   168  main.o(i.main)
    malloc                                   0x08003ea9   Thumb Code    92  malloc.o(i.malloc)
    AHBPrescTable                            0x08003f14   Data          16  system_stm32f4xx.o(.constdata)
    APBPrescTable                            0x08003f24   Data           8  system_stm32f4xx.o(.constdata)
    Region$$Table$$Base                      0x08003f30   Number         0  anon$$obj.o(Region$$Table)
    Region$$Table$$Limit                     0x08003f50   Number         0  anon$$obj.o(Region$$Table)
    flag                                     0x20000000   Data           2  main.o(.data)
    LED_CNT                                  0x20000002   Data           2  main.o(.data)
    Appli_state                              0x20000004   Data           1  usb_host.o(.data)
    uwTickFreq                               0x2000000c   Data           1  stm32f4xx_hal.o(.data)
    uwTickPrio                               0x20000010   Data           4  stm32f4xx_hal.o(.data)
    uwTick                                   0x20000014   Data           4  stm32f4xx_hal.o(.data)
    SystemCoreClock                          0x20000018   Data           4  system_stm32f4xx.o(.data)
    CDC_Class                                0x2000001c   Data          32  usbh_cdc.o(.data)
    __microlib_freelist                      0x2000003c   Data           4  mvars.o(.data)
    __microlib_freelist_initialised          0x20000040   Data           4  mvars.o(.data)
    hi2c1                                    0x20000044   Data          84  i2c.o(.bss)
    hi2s3                                    0x20000098   Data          72  i2s.o(.bss)
    hspi1                                    0x200000e0   Data          88  spi.o(.bss)
    htim7                                    0x20000138   Data          64  tim.o(.bss)
    hUsbHostFS                               0x20000178   Data         984  usb_host.o(.bss)
    hhcd_USB_OTG_FS                          0x20000550   Data         708  usbh_conf.o(.bss)
    __heap_base                              0x20000818   Data           0  startup_stm32f407xx.o(HEAP)
    __heap_limit                             0x20000a18   Data           0  startup_stm32f407xx.o(HEAP)
    __initial_sp                             0x20000e18   Data           0  startup_stm32f407xx.o(STACK)



==============================================================================

Memory Map of the image

  Image Entry point : 0x08000189

  Load Region LR_IROM1 (Base: 0x08000000, Size: 0x00003f94, Max: 0x00100000, ABSOLUTE)

    Execution Region ER_IROM1 (Exec base: 0x08000000, Load base: 0x08000000, Size: 0x00003f50, Max: 0x00100000, ABSOLUTE)

    Exec Addr    Load Addr    Size         Type   Attr      Idx    E Section Name        Object

    0x08000000   0x08000000   0x00000188   Data   RO            3    RESET               startup_stm32f407xx.o
    0x08000188   0x08000188   0x00000000   Code   RO         4851  * .ARM.Collect$$$$00000000  mc_w.l(entry.o)
    0x08000188   0x08000188   0x00000004   Code   RO         4890    .ARM.Collect$$$$00000001  mc_w.l(entry2.o)
    0x0800018c   0x0800018c   0x00000004   Code   RO         4893    .ARM.Collect$$$$00000004  mc_w.l(entry5.o)
    0x08000190   0x08000190   0x00000000   Code   RO         4895    .ARM.Collect$$$$00000008  mc_w.l(entry7b.o)
    0x08000190   0x08000190   0x00000000   Code   RO         4897    .ARM.Collect$$$$0000000A  mc_w.l(entry8b.o)
    0x08000190   0x08000190   0x00000008   Code   RO         4898    .ARM.Collect$$$$0000000B  mc_w.l(entry9a.o)
    0x08000198   0x08000198   0x00000000   Code   RO         4900    .ARM.Collect$$$$0000000D  mc_w.l(entry10a.o)
    0x08000198   0x08000198   0x00000000   Code   RO         4902    .ARM.Collect$$$$0000000F  mc_w.l(entry11a.o)
    0x08000198   0x08000198   0x00000004   Code   RO         4891    .ARM.Collect$$$$00002712  mc_w.l(entry2.o)
    0x0800019c   0x0800019c   0x00000024   Code   RO            4    .text               startup_stm32f407xx.o
    0x080001c0   0x080001c0   0x00000062   Code   RO         4854    .text               mc_w.l(uldiv.o)
    0x08000222   0x08000222   0x00000024   Code   RO         4856    .text               mc_w.l(memcpya.o)
    0x08000246   0x08000246   0x00000024   Code   RO         4858    .text               mc_w.l(memseta.o)
    0x0800026a   0x0800026a   0x0000001e   Code   RO         4904    .text               mc_w.l(llshl.o)
    0x08000288   0x08000288   0x00000020   Code   RO         4906    .text               mc_w.l(llushr.o)
    0x080002a8   0x080002a8   0x00000024   Code   RO         4910    .text               mc_w.l(init.o)
    0x080002cc   0x080002cc   0x00000002   Code   RO          670    i.BusFault_Handler  stm32f4xx_it.o
    0x080002ce   0x080002ce   0x00000002   PAD
    0x080002d0   0x080002d0   0x00000068   Code   RO         4735    i.CDC_ProcessReception  usbh_cdc.o
    0x08000338   0x08000338   0x00000072   Code   RO         4736    i.CDC_ProcessTransmission  usbh_cdc.o
    0x080003aa   0x080003aa   0x00000002   PAD
    0x080003ac   0x080003ac   0x00000050   Code   RO         4392    i.DeInitStateMachine  usbh_core.o
    0x080003fc   0x080003fc   0x00000002   Code   RO          671    i.DebugMon_Handler  stm32f4xx_it.o
    0x080003fe   0x080003fe   0x00000006   Code   RO          672    i.EXTI0_IRQHandler  stm32f4xx_it.o
    0x08000404   0x08000404   0x00000002   Code   RO           13    i.Error_Handler     main.o
    0x08000406   0x08000406   0x00000016   Code   RO         4737    i.GetLineCoding     usbh_cdc.o
    0x0800041c   0x0800041c   0x00000024   Code   RO         2145    i.HAL_Delay         stm32f4xx_hal.o
    0x08000440   0x08000440   0x00000010   Code   RO           14    i.HAL_GPIO_EXTI_Callback  main.o
    0x08000450   0x08000450   0x00000018   Code   RO         1618    i.HAL_GPIO_EXTI_IRQHandler  stm32f4xx_hal_gpio.o
    0x08000468   0x08000468   0x000001b8   Code   RO         1619    i.HAL_GPIO_Init     stm32f4xx_hal_gpio.o
    0x08000620   0x08000620   0x0000000e   Code   RO         1622    i.HAL_GPIO_TogglePin  stm32f4xx_hal_gpio.o
    0x0800062e   0x0800062e   0x0000000a   Code   RO         1623    i.HAL_GPIO_WritePin  stm32f4xx_hal_gpio.o
    0x08000638   0x08000638   0x0000000c   Code   RO         2151    i.HAL_GetTick       stm32f4xx_hal.o
    0x08000644   0x08000644   0x00000008   Code   RO          465    i.HAL_HCD_Connect_Callback  usbh_conf.o
    0x0800064c   0x0800064c   0x00000008   Code   RO          466    i.HAL_HCD_Disconnect_Callback  usbh_conf.o
    0x08000654   0x08000654   0x00000006   Code   RO          791    i.HAL_HCD_GetCurrentFrame  stm32f4xx_hal_hcd.o
    0x0800065a   0x0800065a   0x00000006   Code   RO          792    i.HAL_HCD_GetCurrentSpeed  stm32f4xx_hal_hcd.o
    0x08000660   0x08000660   0x0000000e   Code   RO          795    i.HAL_HCD_HC_GetURBState  stm32f4xx_hal_hcd.o
    0x0800066e   0x0800066e   0x0000000c   Code   RO          796    i.HAL_HCD_HC_GetXferCount  stm32f4xx_hal_hcd.o
    0x0800067a   0x0800067a   0x00000024   Code   RO          797    i.HAL_HCD_HC_Halt   stm32f4xx_hal_hcd.o
    0x0800069e   0x0800069e   0x00000072   Code   RO          798    i.HAL_HCD_HC_Init   stm32f4xx_hal_hcd.o
    0x08000710   0x08000710   0x00000002   Code   RO          467    i.HAL_HCD_HC_NotifyURBChange_Callback  usbh_conf.o
    0x08000712   0x08000712   0x00000094   Code   RO          800    i.HAL_HCD_HC_SubmitRequest  stm32f4xx_hal_hcd.o
    0x080007a6   0x080007a6   0x00000002   PAD
    0x080007a8   0x080007a8   0x00000130   Code   RO          801    i.HAL_HCD_IRQHandler  stm32f4xx_hal_hcd.o
    0x080008d8   0x080008d8   0x00000072   Code   RO          802    i.HAL_HCD_Init      stm32f4xx_hal_hcd.o
    0x0800094a   0x0800094a   0x00000002   PAD
    0x0800094c   0x0800094c   0x00000094   Code   RO          469    i.HAL_HCD_MspInit   usbh_conf.o
    0x080009e0   0x080009e0   0x00000008   Code   RO          470    i.HAL_HCD_PortDisabled_Callback  usbh_conf.o
    0x080009e8   0x080009e8   0x00000008   Code   RO          471    i.HAL_HCD_PortEnabled_Callback  usbh_conf.o
    0x080009f0   0x080009f0   0x00000006   Code   RO          807    i.HAL_HCD_ResetPort  stm32f4xx_hal_hcd.o
    0x080009f6   0x080009f6   0x00000008   Code   RO          472    i.HAL_HCD_SOF_Callback  usbh_conf.o
    0x080009fe   0x080009fe   0x0000002c   Code   RO          809    i.HAL_HCD_Start     stm32f4xx_hal_hcd.o
    0x08000a2a   0x08000a2a   0x00000024   Code   RO          810    i.HAL_HCD_Stop      stm32f4xx_hal_hcd.o
    0x08000a4e   0x08000a4e   0x00000002   PAD
    0x08000a50   0x08000a50   0x00000188   Code   RO         2407    i.HAL_I2C_Init      stm32f4xx_hal_i2c.o
    0x08000bd8   0x08000bd8   0x0000006c   Code   RO          226    i.HAL_I2C_MspInit   i2c.o
    0x08000c44   0x08000c44   0x000001f4   Code   RO         3020    i.HAL_I2SEx_FullDuplex_IRQHandler  stm32f4xx_hal_i2s_ex.o
    0x08000e38   0x08000e38   0x00000002   Code   RO         3024    i.HAL_I2SEx_TxRxCpltCallback  stm32f4xx_hal_i2s_ex.o
    0x08000e3a   0x08000e3a   0x00000002   Code   RO         2845    i.HAL_I2S_ErrorCallback  stm32f4xx_hal_i2s.o
    0x08000e3c   0x08000e3c   0x00000174   Code   RO         2849    i.HAL_I2S_Init      stm32f4xx_hal_i2s.o
    0x08000fb0   0x08000fb0   0x00000090   Code   RO          268    i.HAL_I2S_MspInit   i2s.o
    0x08001040   0x08001040   0x00000002   Code   RO         2855    i.HAL_I2S_RxCpltCallback  stm32f4xx_hal_i2s.o
    0x08001042   0x08001042   0x00000002   Code   RO         2860    i.HAL_I2S_TxCpltCallback  stm32f4xx_hal_i2s.o
    0x08001044   0x08001044   0x00000010   Code   RO         2157    i.HAL_IncTick       stm32f4xx_hal.o
    0x08001054   0x08001054   0x00000034   Code   RO         2158    i.HAL_Init          stm32f4xx_hal.o
    0x08001088   0x08001088   0x00000040   Code   RO         2159    i.HAL_InitTick      stm32f4xx_hal.o
    0x080010c8   0x080010c8   0x00000034   Code   RO          764    i.HAL_MspInit       stm32f4xx_hal_msp.o
    0x080010fc   0x080010fc   0x0000001a   Code   RO         2008    i.HAL_NVIC_EnableIRQ  stm32f4xx_hal_cortex.o
    0x08001116   0x08001116   0x00000002   PAD
    0x08001118   0x08001118   0x00000040   Code   RO         2014    i.HAL_NVIC_SetPriority  stm32f4xx_hal_cortex.o
    0x08001158   0x08001158   0x00000024   Code   RO         2015    i.HAL_NVIC_SetPriorityGrouping  stm32f4xx_hal_cortex.o
    0x0800117c   0x0800117c   0x0000005c   Code   RO         1369    i.HAL_RCCEx_GetPeriphCLKFreq  stm32f4xx_hal_rcc_ex.o
    0x080011d8   0x080011d8   0x0000013c   Code   RO         1370    i.HAL_RCCEx_PeriphCLKConfig  stm32f4xx_hal_rcc_ex.o
    0x08001314   0x08001314   0x00000134   Code   RO         1265    i.HAL_RCC_ClockConfig  stm32f4xx_hal_rcc.o
    0x08001448   0x08001448   0x00000020   Code   RO         1272    i.HAL_RCC_GetPCLK1Freq  stm32f4xx_hal_rcc.o
    0x08001468   0x08001468   0x00000060   Code   RO         1274    i.HAL_RCC_GetSysClockFreq  stm32f4xx_hal_rcc.o
    0x080014c8   0x080014c8   0x0000035c   Code   RO         1277    i.HAL_RCC_OscConfig  stm32f4xx_hal_rcc.o
    0x08001824   0x08001824   0x00000080   Code   RO         3115    i.HAL_SPI_Init      stm32f4xx_hal_spi.o
    0x080018a4   0x080018a4   0x00000068   Code   RO          310    i.HAL_SPI_MspInit   spi.o
    0x0800190c   0x0800190c   0x00000028   Code   RO         2019    i.HAL_SYSTICK_Config  stm32f4xx_hal_cortex.o
    0x08001934   0x08001934   0x00000002   Code   RO         4103    i.HAL_TIMEx_BreakCallback  stm32f4xx_hal_tim_ex.o
    0x08001936   0x08001936   0x00000002   Code   RO         4104    i.HAL_TIMEx_CommutCallback  stm32f4xx_hal_tim_ex.o
    0x08001938   0x08001938   0x00000090   Code   RO         4121    i.HAL_TIMEx_MasterConfigSynchronization  stm32f4xx_hal_tim_ex.o
    0x080019c8   0x080019c8   0x00000036   Code   RO         3428    i.HAL_TIM_Base_Init  stm32f4xx_hal_tim.o
    0x080019fe   0x080019fe   0x00000002   PAD
    0x08001a00   0x08001a00   0x00000028   Code   RO          352    i.HAL_TIM_Base_MspInit  tim.o
    0x08001a28   0x08001a28   0x00000022   Code   RO         3433    i.HAL_TIM_Base_Start_IT  stm32f4xx_hal_tim.o
    0x08001a4a   0x08001a4a   0x0000002a   Code   RO         3436    i.HAL_TIM_Base_Stop_IT  stm32f4xx_hal_tim.o
    0x08001a74   0x08001a74   0x00000002   Code   RO         3457    i.HAL_TIM_IC_CaptureCallback  stm32f4xx_hal_tim.o
    0x08001a76   0x08001a76   0x00000166   Code   RO         3471    i.HAL_TIM_IRQHandler  stm32f4xx_hal_tim.o
    0x08001bdc   0x08001bdc   0x00000002   Code   RO         3474    i.HAL_TIM_OC_DelayElapsedCallback  stm32f4xx_hal_tim.o
    0x08001bde   0x08001bde   0x00000002   Code   RO         3501    i.HAL_TIM_PWM_PulseFinishedCallback  stm32f4xx_hal_tim.o
    0x08001be0   0x08001be0   0x00000080   Code   RO           15    i.HAL_TIM_PeriodElapsedCallback  main.o
    0x08001c60   0x08001c60   0x00000002   Code   RO         3514    i.HAL_TIM_TriggerCallback  stm32f4xx_hal_tim.o
    0x08001c62   0x08001c62   0x00000002   PAD
    0x08001c64   0x08001c64   0x00000278   Code   RO          811    i.HCD_HC_IN_IRQHandler  stm32f4xx_hal_hcd.o
    0x08001edc   0x08001edc   0x00000244   Code   RO          812    i.HCD_HC_OUT_IRQHandler  stm32f4xx_hal_hcd.o
    0x08002120   0x08002120   0x00000094   Code   RO          813    i.HCD_Port_IRQHandler  stm32f4xx_hal_hcd.o
    0x080021b4   0x080021b4   0x00000070   Code   RO          814    i.HCD_RXQLVL_IRQHandler  stm32f4xx_hal_hcd.o
    0x08002224   0x08002224   0x00000002   Code   RO          673    i.HardFault_Handler  stm32f4xx_it.o
    0x08002226   0x08002226   0x00000002   PAD
    0x08002228   0x08002228   0x00000060   Code   RO         3027    i.I2SEx_RxISR_I2SExt  stm32f4xx_hal_i2s_ex.o
    0x08002288   0x08002288   0x00000060   Code   RO         3028    i.I2SEx_TxISR_I2SExt  stm32f4xx_hal_i2s_ex.o
    0x080022e8   0x080022e8   0x000000f2   Code   RO         2867    i.I2S_IRQHandler    stm32f4xx_hal_i2s.o
    0x080023da   0x080023da   0x00000002   PAD
    0x080023dc   0x080023dc   0x00000014   Code   RO          646    i.MX_DriverVbusFS   usbh_platform.o
    0x080023f0   0x080023f0   0x0000016c   Code   RO          201    i.MX_GPIO_Init      gpio.o
    0x0800255c   0x0800255c   0x00000040   Code   RO          227    i.MX_I2C1_Init      i2c.o
    0x0800259c   0x0800259c   0x0000003c   Code   RO          269    i.MX_I2S3_Init      i2s.o
    0x080025d8   0x080025d8   0x00000044   Code   RO          311    i.MX_SPI1_Init      spi.o
    0x0800261c   0x0800261c   0x00000048   Code   RO          353    i.MX_TIM7_Init      tim.o
    0x08002664   0x08002664   0x00000040   Code   RO          393    i.MX_USB_HOST_Init  usb_host.o
    0x080026a4   0x080026a4   0x0000000c   Code   RO          394    i.MX_USB_HOST_Process  usb_host.o
    0x080026b0   0x080026b0   0x00000002   Code   RO          674    i.MemManage_Handler  stm32f4xx_it.o
    0x080026b2   0x080026b2   0x00000002   Code   RO          675    i.NMI_Handler       stm32f4xx_it.o
    0x080026b4   0x080026b4   0x0000000c   Code   RO          676    i.OTG_FS_IRQHandler  stm32f4xx_it.o
    0x080026c0   0x080026c0   0x00000002   Code   RO          677    i.PendSV_Handler    stm32f4xx_it.o
    0x080026c2   0x080026c2   0x00000002   Code   RO          678    i.SVC_Handler       stm32f4xx_it.o
    0x080026c4   0x080026c4   0x00000004   Code   RO          679    i.SysTick_Handler   stm32f4xx_it.o
    0x080026c8   0x080026c8   0x0000009c   Code   RO           16    i.SystemClock_Config  main.o
    0x08002764   0x08002764   0x0000001c   Code   RO         4355    i.SystemInit        system_stm32f4xx.o
    0x08002780   0x08002780   0x0000000c   Code   RO          680    i.TIM7_IRQHandler   stm32f4xx_it.o
    0x0800278c   0x0800278c   0x000000c8   Code   RO         3516    i.TIM_Base_SetConfig  stm32f4xx_hal_tim.o
    0x08002854   0x08002854   0x00000038   Code   RO         4693    i.USBH_AllocPipe    usbh_pipes.o
    0x0800288c   0x0800288c   0x00000020   Code   RO         4621    i.USBH_BulkReceiveData  usbh_ioreq.o
    0x080028ac   0x080028ac   0x00000028   Code   RO         4622    i.USBH_BulkSendData  usbh_ioreq.o
    0x080028d4   0x080028d4   0x00000024   Code   RO         4738    i.USBH_CDC_ClassRequest  usbh_cdc.o
    0x080028f8   0x080028f8   0x0000005e   Code   RO         4741    i.USBH_CDC_InterfaceDeInit  usbh_cdc.o
    0x08002956   0x08002956   0x00000144   Code   RO         4742    i.USBH_CDC_InterfaceInit  usbh_cdc.o
    0x08002a9a   0x08002a9a   0x00000002   Code   RO         4743    i.USBH_CDC_LineCodingChanged  usbh_cdc.o
    0x08002a9c   0x08002a9c   0x000000b8   Code   RO         4744    i.USBH_CDC_Process  usbh_cdc.o
    0x08002b54   0x08002b54   0x00000002   Code   RO         4746    i.USBH_CDC_ReceiveCallback  usbh_cdc.o
    0x08002b56   0x08002b56   0x00000004   Code   RO         4747    i.USBH_CDC_SOFProcess  usbh_cdc.o
    0x08002b5a   0x08002b5a   0x00000002   Code   RO         4751    i.USBH_CDC_TransmitCallback  usbh_cdc.o
    0x08002b5c   0x08002b5c   0x0000000a   Code   RO         4694    i.USBH_ClosePipe    usbh_pipes.o
    0x08002b66   0x08002b66   0x0000001e   Code   RO         4527    i.USBH_ClrFeature   usbh_ctlreq.o
    0x08002b84   0x08002b84   0x0000001e   Code   RO         4623    i.USBH_CtlReceiveData  usbh_ioreq.o
    0x08002ba2   0x08002ba2   0x0000003a   Code   RO         4528    i.USBH_CtlReq       usbh_ctlreq.o
    0x08002bdc   0x08002bdc   0x00000028   Code   RO         4624    i.USBH_CtlSendData  usbh_ioreq.o
    0x08002c04   0x08002c04   0x0000001e   Code   RO         4625    i.USBH_CtlSendSetup  usbh_ioreq.o
    0x08002c22   0x08002c22   0x00000004   Code   RO          473    i.USBH_Delay        usbh_conf.o
    0x08002c26   0x08002c26   0x00000002   PAD
    0x08002c28   0x08002c28   0x00000044   Code   RO         4394    i.USBH_FindInterface  usbh_core.o
    0x08002c6c   0x08002c6c   0x00000018   Code   RO         4695    i.USBH_FreePipe     usbh_pipes.o
    0x08002c84   0x08002c84   0x00000034   Code   RO         4529    i.USBH_GetDescriptor  usbh_ctlreq.o
    0x08002cb8   0x08002cb8   0x0000000e   Code   RO         4530    i.USBH_GetNextDesc  usbh_ctlreq.o
    0x08002cc6   0x08002cc6   0x0000002c   Code   RO         4531    i.USBH_Get_CfgDesc  usbh_ctlreq.o
    0x08002cf2   0x08002cf2   0x00000090   Code   RO         4532    i.USBH_Get_DevDesc  usbh_ctlreq.o
    0x08002d82   0x08002d82   0x00000048   Code   RO         4533    i.USBH_Get_StringDesc  usbh_ctlreq.o
    0x08002dca   0x08002dca   0x00000018   Code   RO          474    i.USBH_Get_USB_Status  usbh_conf.o
    0x08002de2   0x08002de2   0x00000192   Code   RO         4534    i.USBH_HandleControl  usbh_ctlreq.o
    0x08002f74   0x08002f74   0x0000016a   Code   RO         4397    i.USBH_HandleEnum   usbh_core.o
    0x080030de   0x080030de   0x0000003e   Code   RO         4398    i.USBH_Init         usbh_core.o
    0x0800311c   0x0800311c   0x00000012   Code   RO          475    i.USBH_LL_ClosePipe  usbh_conf.o
    0x0800312e   0x0800312e   0x00000014   Code   RO         4400    i.USBH_LL_Connect   usbh_core.o
    0x08003142   0x08003142   0x0000002e   Code   RO         4401    i.USBH_LL_Disconnect  usbh_core.o
    0x08003170   0x08003170   0x0000001a   Code   RO          477    i.USBH_LL_DriverVBUS  usbh_conf.o
    0x0800318a   0x0800318a   0x00000008   Code   RO          478    i.USBH_LL_GetLastXferSize  usbh_conf.o
    0x08003192   0x08003192   0x00000022   Code   RO          479    i.USBH_LL_GetSpeed  usbh_conf.o
    0x080031b4   0x080031b4   0x00000008   Code   RO          481    i.USBH_LL_GetURBState  usbh_conf.o
    0x080031bc   0x080031bc   0x0000001e   Code   RO         4402    i.USBH_LL_IncTimer  usbh_core.o
    0x080031da   0x080031da   0x00000002   PAD
    0x080031dc   0x080031dc   0x00000050   Code   RO          482    i.USBH_LL_Init      usbh_conf.o
    0x0800322c   0x0800322c   0x0000001c   Code   RO          483    i.USBH_LL_OpenPipe  usbh_conf.o
    0x08003248   0x08003248   0x00000008   Code   RO         4403    i.USBH_LL_PortDisabled  usbh_core.o
    0x08003250   0x08003250   0x00000008   Code   RO         4404    i.USBH_LL_PortEnabled  usbh_core.o
    0x08003258   0x08003258   0x00000012   Code   RO          484    i.USBH_LL_ResetPort  usbh_conf.o
    0x0800326a   0x0800326a   0x00000006   Code   RO         4405    i.USBH_LL_SetTimer  usbh_core.o
    0x08003270   0x08003270   0x00000020   Code   RO          485    i.USBH_LL_SetToggle  usbh_conf.o
    0x08003290   0x08003290   0x00000012   Code   RO          486    i.USBH_LL_Start     usbh_conf.o
    0x080032a2   0x080032a2   0x00000012   Code   RO          487    i.USBH_LL_Stop      usbh_conf.o
    0x080032b4   0x080032b4   0x00000022   Code   RO          488    i.USBH_LL_SubmitURB  usbh_conf.o
    0x080032d6   0x080032d6   0x00000014   Code   RO         4696    i.USBH_OpenPipe     usbh_pipes.o
    0x080032ea   0x080032ea   0x000000dc   Code   RO         4535    i.USBH_ParseCfgDesc  usbh_ctlreq.o
    0x080033c6   0x080033c6   0x00000002   PAD
    0x080033c8   0x080033c8   0x00000228   Code   RO         4406    i.USBH_Process      usbh_core.o
    0x080035f0   0x080035f0   0x0000001c   Code   RO         4408    i.USBH_RegisterClass  usbh_core.o
    0x0800360c   0x0800360c   0x00000016   Code   RO         4409    i.USBH_SelectInterface  usbh_core.o
    0x08003622   0x08003622   0x0000001c   Code   RO         4536    i.USBH_SetAddress   usbh_ctlreq.o
    0x0800363e   0x0800363e   0x0000001c   Code   RO         4537    i.USBH_SetCfg       usbh_ctlreq.o
    0x0800365a   0x0800365a   0x0000001c   Code   RO         4538    i.USBH_SetFeature   usbh_ctlreq.o
    0x08003676   0x08003676   0x00000014   Code   RO         4410    i.USBH_Start        usbh_core.o
    0x0800368a   0x0800368a   0x00000002   PAD
    0x0800368c   0x0800368c   0x00000020   Code   RO          395    i.USBH_UserProcess  usb_host.o
    0x080036ac   0x080036ac   0x00000074   Code   RO          969    i.USB_CoreInit      stm32f4xx_ll_usb.o
    0x08003720   0x08003720   0x00000038   Code   RO          970    i.USB_CoreReset     stm32f4xx_ll_usb.o
    0x08003758   0x08003758   0x0000000c   Code   RO          977    i.USB_DisableGlobalInt  stm32f4xx_ll_usb.o
    0x08003764   0x08003764   0x00000024   Code   RO          978    i.USB_DoPing        stm32f4xx_ll_usb.o
    0x08003788   0x08003788   0x0000002c   Code   RO          979    i.USB_DriveVbus     stm32f4xx_ll_usb.o
    0x080037b4   0x080037b4   0x0000000c   Code   RO          985    i.USB_EnableGlobalInt  stm32f4xx_ll_usb.o
    0x080037c0   0x080037c0   0x00000020   Code   RO          986    i.USB_FlushRxFifo   stm32f4xx_ll_usb.o
    0x080037e0   0x080037e0   0x00000024   Code   RO          987    i.USB_FlushTxFifo   stm32f4xx_ll_usb.o
    0x08003804   0x08003804   0x00000008   Code   RO          988    i.USB_GetCurrentFrame  stm32f4xx_ll_usb.o
    0x0800380c   0x0800380c   0x0000000e   Code   RO          990    i.USB_GetHostSpeed  stm32f4xx_ll_usb.o
    0x0800381a   0x0800381a   0x00000008   Code   RO          991    i.USB_GetMode       stm32f4xx_ll_usb.o
    0x08003822   0x08003822   0x000000c2   Code   RO          992    i.USB_HC_Halt       stm32f4xx_ll_usb.o
    0x080038e4   0x080038e4   0x000000f0   Code   RO          993    i.USB_HC_Init       stm32f4xx_ll_usb.o
    0x080039d4   0x080039d4   0x00000008   Code   RO          994    i.USB_HC_ReadInterrupt  stm32f4xx_ll_usb.o
    0x080039dc   0x080039dc   0x00000150   Code   RO          995    i.USB_HC_StartXfer  stm32f4xx_ll_usb.o
    0x08003b2c   0x08003b2c   0x000000d8   Code   RO          996    i.USB_HostInit      stm32f4xx_ll_usb.o
    0x08003c04   0x08003c04   0x00000036   Code   RO          997    i.USB_InitFSLSPClkSel  stm32f4xx_ll_usb.o
    0x08003c3a   0x08003c3a   0x00000008   Code   RO         1002    i.USB_ReadInterrupts  stm32f4xx_ll_usb.o
    0x08003c42   0x08003c42   0x0000001c   Code   RO         1003    i.USB_ReadPacket    stm32f4xx_ll_usb.o
    0x08003c5e   0x08003c5e   0x00000032   Code   RO         1004    i.USB_ResetPort     stm32f4xx_ll_usb.o
    0x08003c90   0x08003c90   0x0000002e   Code   RO         1005    i.USB_SetCurrentMode  stm32f4xx_ll_usb.o
    0x08003cbe   0x08003cbe   0x00000002   PAD
    0x08003cc0   0x08003cc0   0x0000007e   Code   RO         1010    i.USB_StopHost      stm32f4xx_ll_usb.o
    0x08003d3e   0x08003d3e   0x00000024   Code   RO         1011    i.USB_WritePacket   stm32f4xx_ll_usb.o
    0x08003d62   0x08003d62   0x00000002   Code   RO          681    i.UsageFault_Handler  stm32f4xx_it.o
    0x08003d64   0x08003d64   0x00000020   Code   RO         2021    i.__NVIC_SetPriority  stm32f4xx_hal_cortex.o
    0x08003d84   0x08003d84   0x0000000e   Code   RO         4914    i.__scatterload_copy  mc_w.l(handlers.o)
    0x08003d92   0x08003d92   0x00000002   Code   RO         4915    i.__scatterload_null  mc_w.l(handlers.o)
    0x08003d94   0x08003d94   0x0000000e   Code   RO         4916    i.__scatterload_zeroinit  mc_w.l(handlers.o)
    0x08003da2   0x08003da2   0x00000002   PAD
    0x08003da4   0x08003da4   0x00000050   Code   RO         4862    i.free              mc_w.l(malloc.o)
    0x08003df4   0x08003df4   0x000000b4   Code   RO           17    i.main              main.o
    0x08003ea8   0x08003ea8   0x0000006c   Code   RO         4863    i.malloc            mc_w.l(malloc.o)
    0x08003f14   0x08003f14   0x00000010   Data   RO         4356    .constdata          system_stm32f4xx.o
    0x08003f24   0x08003f24   0x00000008   Data   RO         4357    .constdata          system_stm32f4xx.o
    0x08003f2c   0x08003f2c   0x00000004   Data   RO         4752    .conststring        usbh_cdc.o
    0x08003f30   0x08003f30   0x00000020   Data   RO         4912    Region$$Table       anon$$obj.o


    Execution Region RW_IRAM2 (Exec base: 0x10000000, Load base: 0x08003f94, Size: 0x00000000, Max: 0x00010000, ABSOLUTE)

    **** No section assigned to this execution region ****


    Execution Region RW_IRAM1 (Exec base: 0x20000000, Load base: 0x08003f50, Size: 0x00000e18, Max: 0x00020000, ABSOLUTE)

    Exec Addr    Load Addr    Size         Type   Attr      Idx    E Section Name        Object

    0x20000000   0x08003f50   0x00000004   Data   RW           18    .data               main.o
    0x20000004   0x08003f54   0x00000001   Data   RW          397    .data               usb_host.o
    0x20000005   0x08003f55   0x00000003   PAD
    0x20000008   0x08003f58   0x00000004   Data   RW         1012    .data               stm32f4xx_ll_usb.o
    0x2000000c   0x08003f5c   0x0000000c   Data   RW         2165    .data               stm32f4xx_hal.o
    0x20000018   0x08003f68   0x00000004   Data   RW         4358    .data               system_stm32f4xx.o
    0x2000001c   0x08003f6c   0x00000020   Data   RW         4753    .data               usbh_cdc.o
    0x2000003c   0x08003f8c   0x00000004   Data   RW         4908    .data               mc_w.l(mvars.o)
    0x20000040   0x08003f90   0x00000004   Data   RW         4909    .data               mc_w.l(mvars.o)
    0x20000044        -       0x00000054   Zero   RW          228    .bss                i2c.o
    0x20000098        -       0x00000048   Zero   RW          270    .bss                i2s.o
    0x200000e0        -       0x00000058   Zero   RW          312    .bss                spi.o
    0x20000138        -       0x00000040   Zero   RW          354    .bss                tim.o
    0x20000178        -       0x000003d8   Zero   RW          396    .bss                usb_host.o
    0x20000550        -       0x000002c4   Zero   RW          489    .bss                usbh_conf.o
    0x20000814   0x08003f94   0x00000004   PAD
    0x20000818        -       0x00000200   Zero   RW            2    HEAP                startup_stm32f407xx.o
    0x20000a18        -       0x00000400   Zero   RW            1    STACK               startup_stm32f407xx.o


==============================================================================

Image component sizes


      Code (inc. data)   RO Data    RW Data    ZI Data      Debug   Object Name

       364         34          0          0          0       1067   gpio.o
       172         28          0          0         84       1577   i2c.o
       204         28          0          0         72       1629   i2s.o
       482         42          0          4          0     706100   main.o
       172         22          0          0         88       1585   spi.o
        36          8        392          0       1536        820   startup_stm32f407xx.o
       180         28          0         12          0       9285   stm32f4xx_hal.o
       198         14          0          0          0      33863   stm32f4xx_hal_cortex.o
       488         52          0          0          0       3576   stm32f4xx_hal_gpio.o
      2312          4          0          0          0      13529   stm32f4xx_hal_hcd.o
       392         16          0          0          0       3019   stm32f4xx_hal_i2c.o
       620         18          0          0          0       4101   stm32f4xx_hal_i2s.o
       694         24          0          0          0       3675   stm32f4xx_hal_i2s_ex.o
        52          4          0          0          0        810   stm32f4xx_hal_msp.o
      1296         60          0          0          0       4561   stm32f4xx_hal_rcc.o
       408         36          0          0          0       2233   stm32f4xx_hal_rcc_ex.o
       128          0          0          0          0       1135   stm32f4xx_hal_spi.o
       696         44          0          0          0       7180   stm32f4xx_hal_tim.o
       148         28          0          0          0       2401   stm32f4xx_hal_tim_ex.o
        50         12          0          0          0       5291   stm32f4xx_it.o
      1716         52          0          4          0      17841   stm32f4xx_ll_usb.o
        28          6         24          4          0       1083   system_stm32f4xx.o
       112         20          0          0         64       1470   tim.o
       108         22          0          1        984       9814   usb_host.o
       888          6          4         32          0      12548   usbh_cdc.o
       540         14          0          0        708      12421   usbh_conf.o
      1312         20          0          0          0      10949   usbh_core.o
      1120         12          0          0          0      10414   usbh_ctlreq.o
       172          0          0          0          0       4272   usbh_ioreq.o
       110          0          0          0          0       3282   usbh_pipes.o
        20          4          0          0          0        506   usbh_platform.o

    ----------------------------------------------------------------------
     15248        658        452         60       3540     892037   Object Totals
         0          0         32          0          0          0   (incl. Generated)
        30          0          0          3          4          0   (incl. Padding)

    ----------------------------------------------------------------------

      Code (inc. data)   RO Data    RW Data    ZI Data      Debug   Library Member Name

         0          0          0          0          0          0   entry.o
         0          0          0          0          0          0   entry10a.o
         0          0          0          0          0          0   entry11a.o
         8          4          0          0          0          0   entry2.o
         4          0          0          0          0          0   entry5.o
         0          0          0          0          0          0   entry7b.o
         0          0          0          0          0          0   entry8b.o
         8          4          0          0          0          0   entry9a.o
        30          0          0          0          0          0   handlers.o
        36          8          0          0          0         68   init.o
        30          0          0          0          0         68   llshl.o
        32          0          0          0          0         68   llushr.o
       188         20          0          0          0        160   malloc.o
        36          0          0          0          0         68   memcpya.o
        36          0          0          0          0        108   memseta.o
         0          0          0          8          0          0   mvars.o
        98          0          0          0          0         92   uldiv.o

    ----------------------------------------------------------------------
       508         36          0          8          0        632   Library Totals
         2          0          0          0          0          0   (incl. Padding)

    ----------------------------------------------------------------------

      Code (inc. data)   RO Data    RW Data    ZI Data      Debug   Library Name

       506         36          0          8          0        632   mc_w.l

    ----------------------------------------------------------------------
       508         36          0          8          0        632   Library Totals

    ----------------------------------------------------------------------

==============================================================================


      Code (inc. data)   RO Data    RW Data    ZI Data      Debug   

     15756        694        452         68       3540     875413   Grand Totals
     15756        694        452         68       3540     875413   ELF Image Totals
     15756        694        452         68          0          0   ROM Totals

==============================================================================

    Total RO  Size (Code + RO Data)                16208 (  15.83kB)
    Total RW  Size (RW Data + ZI Data)              3608 (   3.52kB)
    Total ROM Size (Code + RO Data + RW Data)      16276 (  15.89kB)

==============================================================================

